Archive member included to satisfy reference by file (symbol)

c:/st/stm32cubeide_1.3.0/stm32cubeide/plugins/com.st.stm32cube.ide.mcu.externaltools.gnu-tools-for-stm32.10.3-2021.10.win32_1.0.0.202111181127/tools/bin/../lib/gcc/arm-none-eabi/10.3.1/../../../../arm-none-eabi/lib/thumb/v7-m/nofp\libc_nano.a(lib_a-errno.o)
                              ./Core/Src/syscalls.o (__errno)
c:/st/stm32cubeide_1.3.0/stm32cubeide/plugins/com.st.stm32cube.ide.mcu.externaltools.gnu-tools-for-stm32.10.3-2021.10.win32_1.0.0.202111181127/tools/bin/../lib/gcc/arm-none-eabi/10.3.1/../../../../arm-none-eabi/lib/thumb/v7-m/nofp\libc_nano.a(lib_a-exit.o)
                              c:/st/stm32cubeide_1.3.0/stm32cubeide/plugins/com.st.stm32cube.ide.mcu.externaltools.gnu-tools-for-stm32.10.3-2021.10.win32_1.0.0.202111181127/tools/bin/../lib/gcc/arm-none-eabi/10.3.1/../../../../arm-none-eabi/lib/thumb/v7-m/nofp/crt0.o (exit)
c:/st/stm32cubeide_1.3.0/stm32cubeide/plugins/com.st.stm32cube.ide.mcu.externaltools.gnu-tools-for-stm32.10.3-2021.10.win32_1.0.0.202111181127/tools/bin/../lib/gcc/arm-none-eabi/10.3.1/../../../../arm-none-eabi/lib/thumb/v7-m/nofp\libc_nano.a(lib_a-findfp.o)
                              ./Middlewares/Third_Party/FreeRTOS/Source/tasks.o (__sf_fake_stderr)
c:/st/stm32cubeide_1.3.0/stm32cubeide/plugins/com.st.stm32cube.ide.mcu.externaltools.gnu-tools-for-stm32.10.3-2021.10.win32_1.0.0.202111181127/tools/bin/../lib/gcc/arm-none-eabi/10.3.1/../../../../arm-none-eabi/lib/thumb/v7-m/nofp\libc_nano.a(lib_a-fwalk.o)
                              c:/st/stm32cubeide_1.3.0/stm32cubeide/plugins/com.st.stm32cube.ide.mcu.externaltools.gnu-tools-for-stm32.10.3-2021.10.win32_1.0.0.202111181127/tools/bin/../lib/gcc/arm-none-eabi/10.3.1/../../../../arm-none-eabi/lib/thumb/v7-m/nofp\libc_nano.a(lib_a-findfp.o) (_fwalk)
c:/st/stm32cubeide_1.3.0/stm32cubeide/plugins/com.st.stm32cube.ide.mcu.externaltools.gnu-tools-for-stm32.10.3-2021.10.win32_1.0.0.202111181127/tools/bin/../lib/gcc/arm-none-eabi/10.3.1/../../../../arm-none-eabi/lib/thumb/v7-m/nofp\libc_nano.a(lib_a-impure.o)
                              c:/st/stm32cubeide_1.3.0/stm32cubeide/plugins/com.st.stm32cube.ide.mcu.externaltools.gnu-tools-for-stm32.10.3-2021.10.win32_1.0.0.202111181127/tools/bin/../lib/gcc/arm-none-eabi/10.3.1/../../../../arm-none-eabi/lib/thumb/v7-m/nofp\libc_nano.a(lib_a-exit.o) (_global_impure_ptr)
c:/st/stm32cubeide_1.3.0/stm32cubeide/plugins/com.st.stm32cube.ide.mcu.externaltools.gnu-tools-for-stm32.10.3-2021.10.win32_1.0.0.202111181127/tools/bin/../lib/gcc/arm-none-eabi/10.3.1/../../../../arm-none-eabi/lib/thumb/v7-m/nofp\libc_nano.a(lib_a-init.o)
                              c:/st/stm32cubeide_1.3.0/stm32cubeide/plugins/com.st.stm32cube.ide.mcu.externaltools.gnu-tools-for-stm32.10.3-2021.10.win32_1.0.0.202111181127/tools/bin/../lib/gcc/arm-none-eabi/10.3.1/../../../../arm-none-eabi/lib/thumb/v7-m/nofp/crt0.o (__libc_init_array)
c:/st/stm32cubeide_1.3.0/stm32cubeide/plugins/com.st.stm32cube.ide.mcu.externaltools.gnu-tools-for-stm32.10.3-2021.10.win32_1.0.0.202111181127/tools/bin/../lib/gcc/arm-none-eabi/10.3.1/../../../../arm-none-eabi/lib/thumb/v7-m/nofp\libc_nano.a(lib_a-lock.o)
                              c:/st/stm32cubeide_1.3.0/stm32cubeide/plugins/com.st.stm32cube.ide.mcu.externaltools.gnu-tools-for-stm32.10.3-2021.10.win32_1.0.0.202111181127/tools/bin/../lib/gcc/arm-none-eabi/10.3.1/../../../../arm-none-eabi/lib/thumb/v7-m/nofp\libc_nano.a(lib_a-findfp.o) (__retarget_lock_init_recursive)
c:/st/stm32cubeide_1.3.0/stm32cubeide/plugins/com.st.stm32cube.ide.mcu.externaltools.gnu-tools-for-stm32.10.3-2021.10.win32_1.0.0.202111181127/tools/bin/../lib/gcc/arm-none-eabi/10.3.1/../../../../arm-none-eabi/lib/thumb/v7-m/nofp\libc_nano.a(lib_a-memcpy-stub.o)
                              ./Middlewares/Third_Party/FreeRTOS/Source/CMSIS_RTOS_V2/cmsis_os2.o (memcpy)
c:/st/stm32cubeide_1.3.0/stm32cubeide/plugins/com.st.stm32cube.ide.mcu.externaltools.gnu-tools-for-stm32.10.3-2021.10.win32_1.0.0.202111181127/tools/bin/../lib/gcc/arm-none-eabi/10.3.1/../../../../arm-none-eabi/lib/thumb/v7-m/nofp\libc_nano.a(lib_a-memset.o)
                              c:/st/stm32cubeide_1.3.0/stm32cubeide/plugins/com.st.stm32cube.ide.mcu.externaltools.gnu-tools-for-stm32.10.3-2021.10.win32_1.0.0.202111181127/tools/bin/../lib/gcc/arm-none-eabi/10.3.1/../../../../arm-none-eabi/lib/thumb/v7-m/nofp/crt0.o (memset)
c:/st/stm32cubeide_1.3.0/stm32cubeide/plugins/com.st.stm32cube.ide.mcu.externaltools.gnu-tools-for-stm32.10.3-2021.10.win32_1.0.0.202111181127/tools/bin/../lib/gcc/arm-none-eabi/10.3.1/../../../../arm-none-eabi/lib/thumb/v7-m/nofp\libc_nano.a(lib_a-nano-mallocr.o)
                              c:/st/stm32cubeide_1.3.0/stm32cubeide/plugins/com.st.stm32cube.ide.mcu.externaltools.gnu-tools-for-stm32.10.3-2021.10.win32_1.0.0.202111181127/tools/bin/../lib/gcc/arm-none-eabi/10.3.1/../../../../arm-none-eabi/lib/thumb/v7-m/nofp\libc_nano.a(lib_a-findfp.o) (_malloc_r)
[...]
Memory Configuration

Name             Origin             Length             Attributes
RAM              0x0000000020000000 0x0000000000005000 xrw
FLASH            0x0000000008000000 0x0000000000010000 xr
*default*        0x0000000000000000 0xffffffffffffffff

Linker script and memory map

LOAD c:/st/stm32cubeide_1.3.0/stm32cubeide/plugins/com.st.stm32cube.ide.mcu.externaltools.gnu-tools-for-stm32.10.3-2021.10.win32_1.0.0.202111181127/tools/bin/../lib/gcc/arm-none-eabi/10.3.1/thumb/v7-m/nofp/crti.o
LOAD c:/st/stm32cubeide_1.3.0/stm32cubeide/plugins/com.st.stm32cube.ide.mcu.externaltools.gnu-tools-for-stm32.10.3-2021.10.win32_1.0.0.202111181127/tools/bin/../lib/gcc/arm-none-eabi/10.3.1/thumb/v7-m/nofp/crtbegin.o
LOAD c:/st/stm32cubeide_1.3.0/stm32cubeide/plugins/com.st.stm32cube.ide.mcu.externaltools.gnu-tools-for-stm32.10.3-2021.10.win32_1.0.0.202111181127/tools/bin/../lib/gcc/arm-none-eabi/10.3.1/../../../../arm-none-eabi/lib/thumb/v7-m/nofp/crt0.o
LOAD ./Core/Src/DS1302.o
LOAD ./Core/Src/MCP4725.o
LOAD ./Core/Src/freertos.o
LOAD ./Core/Src/main.o
LOAD ./Core/Src/stm32f1xx_hal_msp.o
LOAD ./Core/Src/stm32f1xx_hal_timebase_tim.o
LOAD ./Core/Src/stm32f1xx_it.o
LOAD ./Core/Src/syscalls.o
LOAD ./Core/Src/sysmem.o
LOAD ./Core/Src/system_stm32f1xx.o
LOAD ./Core/Startup/startup_stm32f103c8tx.o
LOAD ./Drivers/STM32F1xx_HAL_Driver/Src/stm32f1xx_hal.o
LOAD ./Drivers/STM32F1xx_HAL_Driver/Src/stm32f1xx_hal_cortex.o
LOAD ./Drivers/STM32F1xx_HAL_Driver/Src/stm32f1xx_hal_dma.o
LOAD ./Drivers/STM32F1xx_HAL_Driver/Src/stm32f1xx_hal_exti.o
LOAD ./Drivers/STM32F1xx_HAL_Driver/Src/stm32f1xx_hal_flash.o
LOAD ./Drivers/STM32F1xx_HAL_Driver/Src/stm32f1xx_hal_flash_ex.o
LOAD ./Drivers/STM32F1xx_HAL_Driver/Src/stm32f1xx_hal_gpio.o
LOAD ./Drivers/STM32F1xx_HAL_Driver/Src/stm32f1xx_hal_gpio_ex.o
LOAD ./Drivers/STM32F1xx_HAL_Driver/Src/stm32f1xx_hal_i2c.o
LOAD ./Drivers/STM32F1xx_HAL_Driver/Src/stm32f1xx_hal_iwdg.o
LOAD ./Drivers/STM32F1xx_HAL_Driver/Src/stm32f1xx_hal_pwr.o
LOAD ./Drivers/STM32F1xx_HAL_Driver/Src/stm32f1xx_hal_rcc.o
LOAD ./Drivers/STM32F1xx_HAL_Driver/Src/stm32f1xx_hal_rcc_ex.o
LOAD ./Drivers/STM32F1xx_HAL_Driver/Src/stm32f1xx_hal_tim.o
LOAD ./Drivers/STM32F1xx_HAL_Driver/Src/stm32f1xx_hal_tim_ex.o
LOAD ./Middlewares/Third_Party/FreeRTOS/Source/CMSIS_RTOS_V2/cmsis_os2.o
LOAD ./Middlewares/Third_Party/FreeRTOS/Source/croutine.o
LOAD ./Middlewares/Third_Party/FreeRTOS/Source/event_groups.o
LOAD ./Middlewares/Third_Party/FreeRTOS/Source/list.o
LOAD ./Middlewares/Third_Party/FreeRTOS/Source/queue.o
LOAD ./Middlewares/Third_Party/FreeRTOS/Source/stream_buffer.o
LOAD ./Middlewares/Third_Party/FreeRTOS/Source/tasks.o
LOAD ./Middlewares/Third_Party/FreeRTOS/Source/timers.o
LOAD ./Middlewares/Third_Party/FreeRTOS/Source/portable/GCC/ARM_CM3/port.o
LOAD ./Middlewares/Third_Party/FreeRTOS/Source/portable/MemMang/heap_4.o
START GROUP
LOAD c:/st/stm32cubeide_1.3.0/stm32cubeide/plugins/com.st.stm32cube.ide.mcu.externaltools.gnu-tools-for-stm32.10.3-2021.10.win32_1.0.0.202111181127/tools/bin/../lib/gcc/arm-none-eabi/10.3.1/../../../../arm-none-eabi/lib/thumb/v7-m/nofp\libc_nano.a
LOAD c:/st/stm32cubeide_1.3.0/stm32cubeide/plugins/com.st.stm32cube.ide.mcu.externaltools.gnu-tools-for-stm32.10.3-2021.10.win32_1.0.0.202111181127/tools/bin/../lib/gcc/arm-none-eabi/10.3.1/../../../../arm-none-eabi/lib/thumb/v7-m/nofp\libm.a
END GROUP
START GROUP
LOAD c:/st/stm32cubeide_1.3.0/stm32cubeide/plugins/com.st.stm32cube.ide.mcu.externaltools.gnu-tools-for-stm32.10.3-2021.10.win32_1.0.0.202111181127/tools/bin/../lib/gcc/arm-none-eabi/10.3.1/thumb/v7-m/nofp\libgcc.a
LOAD c:/st/stm32cubeide_1.3.0/stm32cubeide/plugins/com.st.stm32cube.ide.mcu.externaltools.gnu-tools-for-stm32.10.3-2021.10.win32_1.0.0.202111181127/tools/bin/../lib/gcc/arm-none-eabi/10.3.1/../../../../arm-none-eabi/lib/thumb/v7-m/nofp\libc_nano.a
END GROUP
START GROUP
LOAD c:/st/stm32cubeide_1.3.0/stm32cubeide/plugins/com.st.stm32cube.ide.mcu.externaltools.gnu-tools-for-stm32.10.3-2021.10.win32_1.0.0.202111181127/tools/bin/../lib/gcc/arm-none-eabi/10.3.1/thumb/v7-m/nofp\libgcc.a
LOAD c:/st/stm32cubeide_1.3.0/stm32cubeide/plugins/com.st.stm32cube.ide.mcu.externaltools.gnu-tools-for-stm32.10.3-2021.10.win32_1.0.0.202111181127/tools/bin/../lib/gcc/arm-none-eabi/10.3.1/../../../../arm-none-eabi/lib/thumb/v7-m/nofp\libc_nano.a
LOAD c:/st/stm32cubeide_1.3.0/stm32cubeide/plugins/com.st.stm32cube.ide.mcu.externaltools.gnu-tools-for-stm32.10.3-2021.10.win32_1.0.0.202111181127/tools/bin/../lib/gcc/arm-none-eabi/10.3.1/../../../../arm-none-eabi/lib/thumb/v7-m/nofp\libnosys.a
END GROUP
START GROUP
LOAD c:/st/stm32cubeide_1.3.0/stm32cubeide/plugins/com.st.stm32cube.ide.mcu.externaltools.gnu-tools-for-stm32.10.3-2021.10.win32_1.0.0.202111181127/tools/bin/../lib/gcc/arm-none-eabi/10.3.1/thumb/v7-m/nofp\libgcc.a
LOAD c:/st/stm32cubeide_1.3.0/stm32cubeide/plugins/com.st.stm32cube.ide.mcu.externaltools.gnu-tools-for-stm32.10.3-2021.10.win32_1.0.0.202111181127/tools/bin/../lib/gcc/arm-none-eabi/10.3.1/../../../../arm-none-eabi/lib/thumb/v7-m/nofp\libc_nano.a
LOAD c:/st/stm32cubeide_1.3.0/stm32cubeide/plugins/com.st.stm32cube.ide.mcu.externaltools.gnu-tools-for-stm32.10.3-2021.10.win32_1.0.0.202111181127/tools/bin/../lib/gcc/arm-none-eabi/10.3.1/../../../../arm-none-eabi/lib/thumb/v7-m/nofp\libnosys.a
END GROUP
LOAD c:/st/stm32cubeide_1.3.0/stm32cubeide/plugins/com.st.stm32cube.ide.mcu.externaltools.gnu-tools-for-stm32.10.3-2021.10.win32_1.0.0.202111181127/tools/bin/../lib/gcc/arm-none-eabi/10.3.1/thumb/v7-m/nofp/crtend.o
LOAD c:/st/stm32cubeide_1.3.0/stm32cubeide/plugins/com.st.stm32cube.ide.mcu.externaltools.gnu-tools-for-stm32.10.3-2021.10.win32_1.0.0.202111181127/tools/bin/../lib/gcc/arm-none-eabi/10.3.1/thumb/v7-m/nofp/crtn.o
                0x0000000020005000                _estack = (ORIGIN (RAM) + LENGTH (RAM))
                0x0000000000000200                _Min_Heap_Size = 0x200
                0x0000000000000400                _Min_Stack_Size = 0x400

.isr_vector     0x0000000008000000      0x10c
                0x0000000008000000                . = ALIGN (0x4)
 *(.isr_vector)
 .isr_vector    0x0000000008000000      0x10c ./Core/Startup/startup_stm32f103c8tx.o
                0x0000000008000000                g_pfnVectors
                0x000000000800010c                . = ALIGN (0x4)

.text           0x0000000008000110     0x5d4c
                0x0000000008000110                . = ALIGN (0x4)
 *(.text)
 .text          0x0000000008000110       0x40 c:/st/stm32cubeide_1.3.0/stm32cubeide/plugins/com.st.stm32cube.ide.mcu.externaltools.gnu-tools-for-stm32.10.3-2021.10.win32_1.0.0.202111181127/tools/bin/../lib/gcc/arm-none-eabi/10.3.1/thumb/v7-m/nofp/crtbegin.o
 .text          0x0000000008000150      0x254 c:/st/stm32cubeide_1.3.0/stm32cubeide/plugins/com.st.stm32cube.ide.mcu.externaltools.gnu-tools-for-stm32.10.3-2021.10.win32_1.0.0.202111181127/tools/bin/../lib/gcc/arm-none-eabi/10.3.1/thumb/v7-m/nofp\libgcc.a(_arm_muldf3.o)
                0x0000000008000150                __muldf3
                0x0000000008000150                __aeabi_dmul
 .text          0x00000000080003a4      0x378 c:/st/stm32cubeide_1.3.0/stm32cubeide/plugins/com.st.stm32cube.ide.mcu.externaltools.gnu-tools-for-stm32.10.3-2021.10.win32_1.0.0.202111181127/tools/bin/../lib/gcc/arm-none-eabi/10.3.1/thumb/v7-m/nofp\libgcc.a(_arm_addsubdf3.o)
                0x00000000080003a4                __aeabi_drsub
                0x00000000080003ac                __aeabi_dsub
                0x00000000080003ac                __subdf3
                0x00000000080003b0                __aeabi_dadd
                0x00000000080003b0                __adddf3
                0x0000000008000628                __floatunsidf
                0x0000000008000628                __aeabi_ui2d
                0x0000000008000648                __floatsidf
                0x0000000008000648                __aeabi_i2d
                0x000000000800066c                __aeabi_f2d
                0x000000000800066c                __extendsfdf2
                0x00000000080006b0                __floatundidf
                0x00000000080006b0                __aeabi_ul2d
                0x00000000080006c0                __floatdidf
                0x00000000080006c0                __aeabi_l2d
 .text          0x000000000800071c       0xa0 c:/st/stm32cubeide_1.3.0/stm32cubeide/plugins/com.st.stm32cube.ide.mcu.externaltools.gnu-tools-for-stm32.10.3-2021.10.win32_1.0.0.202111181127/tools/bin/../lib/gcc/arm-none-eabi/10.3.1/thumb/v7-m/nofp\libgcc.a(_arm_truncdfsf2.o)
                0x000000000800071c                __truncdfsf2
                0x000000000800071c                __aeabi_d2f
 .text          0x00000000080007bc      0x21c c:/st/stm32cubeide_1.3.0/stm32cubeide/plugins/com.st.stm32cube.ide.mcu.externaltools.gnu-tools-for-stm32.10.3-2021.10.win32_1.0.0.202111181127/tools/bin/../lib/gcc/arm-none-eabi/10.3.1/thumb/v7-m/nofp\libgcc.a(_arm_addsubsf3.o)
                0x00000000080007bc                __aeabi_frsub
                0x00000000080007c4                __subsf3
                0x00000000080007c4                __aeabi_fsub
                0x00000000080007c8                __aeabi_fadd
                0x00000000080007c8                __addsf3
                0x0000000008000928                __aeabi_ui2f
                0x0000000008000928                __floatunsisf
                0x0000000008000930                __aeabi_i2f
                0x0000000008000930                __floatsisf
                0x000000000800094c                __aeabi_ul2f
                0x000000000800094c                __floatundisf
                0x000000000800095c                __aeabi_l2f
                0x000000000800095c                __floatdisf
 .text          0x00000000080009d8      0x2a0 c:/st/stm32cubeide_1.3.0/stm32cubeide/plugins/com.st.stm32cube.ide.mcu.externaltools.gnu-tools-for-stm32.10.3-2021.10.win32_1.0.0.202111181127/tools/bin/../lib/gcc/arm-none-eabi/10.3.1/thumb/v7-m/nofp\libgcc.a(_arm_muldivsf3.o)
                0x00000000080009d8                __mulsf3
                0x00000000080009d8                __aeabi_fmul
                0x0000000008000b40                __aeabi_fdiv
                0x0000000008000b40                __divsf3
 .text          0x0000000008000c78       0xec c:/st/stm32cubeide_1.3.0/stm32cubeide/plugins/com.st.stm32cube.ide.mcu.externaltools.gnu-tools-for-stm32.10.3-2021.10.win32_1.0.0.202111181127/tools/bin/../lib/gcc/arm-none-eabi/10.3.1/thumb/v7-m/nofp\libgcc.a(_arm_cmpsf2.o)
                0x0000000008000c78                __gesf2
                0x0000000008000c78                __gtsf2
                0x0000000008000c80                __lesf2
                0x0000000008000c80                __ltsf2
                0x0000000008000c88                __nesf2
                0x0000000008000c88                __eqsf2
                0x0000000008000c88                __cmpsf2
                0x0000000008000ce8                __aeabi_cfrcmple
                0x0000000008000cf0                __aeabi_cfcmpeq
                0x0000000008000cf0                __aeabi_cfcmple
                0x0000000008000d00                __aeabi_fcmpeq
                0x0000000008000d14                __aeabi_fcmplt
                0x0000000008000d28                __aeabi_fcmple
                0x0000000008000d3c                __aeabi_fcmpge
                0x0000000008000d50                __aeabi_fcmpgt
 .text          0x0000000008000d64       0x40 c:/st/stm32cubeide_1.3.0/stm32cubeide/plugins/com.st.stm32cube.ide.mcu.externaltools.gnu-tools-for-stm32.10.3-2021.10.win32_1.0.0.202111181127/tools/bin/../lib/gcc/arm-none-eabi/10.3.1/thumb/v7-m/nofp\libgcc.a(_arm_fixunssfsi.o)
                0x0000000008000d64                __fixunssfsi
                0x0000000008000d64                __aeabi_f2uiz
 *(.text*)
 .text.DEC2BCD  0x0000000008000da4       0x12 ./Core/Src/DS1302.o
                0x0000000008000da4                DEC2BCD
 .text.BCD2DEC  0x0000000008000db6       0x12 ./Core/Src/DS1302.o
                0x0000000008000db6                BCD2DEC
 .text.write_data_set
                0x0000000008000dc8       0x10 ./Core/Src/DS1302.o
                0x0000000008000dc8                write_data_set
 .text.write_data_reset
                0x0000000008000dd8       0x10 ./Core/Src/DS1302.o
                0x0000000008000dd8                write_data_reset
 .text.dat_pin_write_mode
                0x0000000008000de8       0x24 ./Core/Src/DS1302.o
 .text.dat_pin_read_mode
                0x0000000008000e0c       0x28 ./Core/Src/DS1302.o
 .text.read_data_pin
                0x0000000008000e34       0x18 ./Core/Src/DS1302.o
                0x0000000008000e34                read_data_pin
 .text.write_clk_set
                0x0000000008000e4c       0x10 ./Core/Src/DS1302.o
                0x0000000008000e4c                write_clk_set
 .text.write_clk_reset
                0x0000000008000e5c       0x10 ./Core/Src/DS1302.o
                0x0000000008000e5c                write_clk_reset
 .text.write_rst_set
                0x0000000008000e6c       0x10 ./Core/Src/DS1302.o
                0x0000000008000e6c                write_rst_set
 .text.write_rst_reset
                0x0000000008000e7c       0x10 ./Core/Src/DS1302.o
                0x0000000008000e7c                write_rst_reset
 .text.ds1302_pin_init
                0x0000000008000e8c       0x1c ./Core/Src/DS1302.o
                0x0000000008000e8c                ds1302_pin_init
 .text.DS1302_Init
                0x0000000008000ea8       0x30 ./Core/Src/DS1302.o
                0x0000000008000ea8                DS1302_Init
 .text.ds1302_byte_write
                0x0000000008000ed8       0x2e ./Core/Src/DS1302.o
                0x0000000008000ed8                ds1302_byte_write
 .text.ds1302_byte_read
                0x0000000008000f06       0x24 ./Core/Src/DS1302.o
                0x0000000008000f06                ds1302_byte_read
 .text.ds1302_single_write
                0x0000000008000f2a       0x2a ./Core/Src/DS1302.o
                0x0000000008000f2a                ds1302_single_write
 .text.ds1302_single_read
                0x0000000008000f54       0x2e ./Core/Src/DS1302.o
                0x0000000008000f54                ds1302_single_read
 .text.convert_time_struct
                0x0000000008000f82       0x94 ./Core/Src/DS1302.o
                0x0000000008000f82                convert_time_struct
 .text.DS1302_RamSave
                0x0000000008001016       0x26 ./Core/Src/DS1302.o
                0x0000000008001016                DS1302_RamSave
 .text.DS1302_RamRead
                0x000000000800103c        0x8 ./Core/Src/DS1302.o
                0x000000000800103c                DS1302_RamRead
 .text.DS1302_SetTime_Struct
                0x0000000008001044       0x8e ./Core/Src/DS1302.o
                0x0000000008001044                DS1302_SetTime_Struct
 .text.DS1302_ReadTime_Struct
                0x00000000080010d2       0xa4 ./Core/Src/DS1302.o
                0x00000000080010d2                DS1302_ReadTime_Struct
 *fill*         0x0000000008001176        0x2 
 .text.MCP4725_setReferenceVoltage
                0x0000000008001178       0x2c ./Core/Src/MCP4725.o
                0x0000000008001178                MCP4725_setReferenceVoltage
 .text.MCP4725_init
                0x00000000080011a4       0x26 ./Core/Src/MCP4725.o
                0x00000000080011a4                MCP4725_init
 .text.MCP4725_readRegister
                0x00000000080011ca       0x52 ./Core/Src/MCP4725.o
                0x00000000080011ca                MCP4725_readRegister
 .text.MCP4725_getEepromBusyFlag
                0x000000000800121c       0x18 ./Core/Src/MCP4725.o
                0x000000000800121c                MCP4725_getEepromBusyFlag
 .text.MCP4725_writeComand
                0x0000000008001234       0x92 ./Core/Src/MCP4725.o
                0x0000000008001234                MCP4725_writeComand
 .text.MCP4725_setVoltage
                0x00000000080012c6       0x2c ./Core/Src/MCP4725.o
                0x00000000080012c6                MCP4725_setVoltage
 *fill*         0x00000000080012f2        0x2 
 .text.StartDefaultTask
                0x00000000080012f4       0x18 ./Core/Src/main.o
                0x00000000080012f4                StartDefaultTask
 .text.BtnTask  0x000000000800130c       0xac ./Core/Src/main.o
                0x000000000800130c                BtnTask
 .text.time_hours_to_voltage
                0x00000000080013b8       0x98 ./Core/Src/main.o
                0x00000000080013b8                time_hours_to_voltage
 .text.time_mins_to_voltage
                0x0000000008001450       0x68 ./Core/Src/main.o
                0x0000000008001450                time_mins_to_voltage
 .text.time_hour_increment
                0x00000000080014b8       0x10 ./Core/Src/main.o
                0x00000000080014b8                time_hour_increment
 .text.time_min_increment
                0x00000000080014c8       0x10 ./Core/Src/main.o
                0x00000000080014c8                time_min_increment
 .text.time_get_data
                0x00000000080014d8       0x10 ./Core/Src/main.o
                0x00000000080014d8                time_get_data
 .text.DacTask  0x00000000080014e8       0xa8 ./Core/Src/main.o
                0x00000000080014e8                DacTask
 .text.get_leds_data
                0x0000000008001590       0x10 ./Core/Src/main.o
                0x0000000008001590                get_leds_data
 .text.LedTask  0x00000000080015a0       0xc0 ./Core/Src/main.o
                0x00000000080015a0                LedTask
 .text.set_leds_data
                0x0000000008001660       0x10 ./Core/Src/main.o
                0x0000000008001660                set_leds_data
 .text.ClockTask
                0x0000000008001670      0x1d0 ./Core/Src/main.o
                0x0000000008001670                ClockTask
 .text.toggle_leds
                0x0000000008001840       0x16 ./Core/Src/main.o
                0x0000000008001840                toggle_leds
 *fill*         0x0000000008001856        0x2 
 .text.MainTask
                0x0000000008001858      0x284 ./Core/Src/main.o
                0x0000000008001858                MainTask
 .text.init_leds_data
                0x0000000008001adc       0x14 ./Core/Src/main.o
                0x0000000008001adc                init_leds_data
 .text.SystemClock_Config
                0x0000000008001af0       0x62 ./Core/Src/main.o
                0x0000000008001af0                SystemClock_Config
 *fill*         0x0000000008001b52        0x2 
 .text.startup.main
                0x0000000008001b54      0x274 ./Core/Src/main.o
                0x0000000008001b54                main
 .text.HAL_TIM_PeriodElapsedCallback
                0x0000000008001dc8       0x14 ./Core/Src/main.o
                0x0000000008001dc8                HAL_TIM_PeriodElapsedCallback
 .text.HAL_MspInit
                0x0000000008001ddc       0x50 ./Core/Src/stm32f1xx_hal_msp.o
                0x0000000008001ddc                HAL_MspInit
 .text.HAL_I2C_MspInit
                0x0000000008001e2c       0x64 ./Core/Src/stm32f1xx_hal_msp.o
                0x0000000008001e2c                HAL_I2C_MspInit
 .text.HAL_InitTick
                0x0000000008001e90       0x78 ./Core/Src/stm32f1xx_hal_timebase_tim.o
                0x0000000008001e90                HAL_InitTick
 .text.NMI_Handler
                0x0000000008001f08        0x2 ./Core/Src/stm32f1xx_it.o
                0x0000000008001f08                NMI_Handler
 .text.HardFault_Handler
                0x0000000008001f0a        0x2 ./Core/Src/stm32f1xx_it.o
                0x0000000008001f0a                HardFault_Handler
 .text.MemManage_Handler
                0x0000000008001f0c        0x2 ./Core/Src/stm32f1xx_it.o
                0x0000000008001f0c                MemManage_Handler
 .text.BusFault_Handler
                0x0000000008001f0e        0x2 ./Core/Src/stm32f1xx_it.o
                0x0000000008001f0e                BusFault_Handler
 .text.UsageFault_Handler
                0x0000000008001f10        0x2 ./Core/Src/stm32f1xx_it.o
                0x0000000008001f10                UsageFault_Handler
 .text.DebugMon_Handler
                0x0000000008001f12        0x2 ./Core/Src/stm32f1xx_it.o
                0x0000000008001f12                DebugMon_Handler
 .text.TIM1_UP_IRQHandler
                0x0000000008001f14        0xc ./Core/Src/stm32f1xx_it.o
                0x0000000008001f14                TIM1_UP_IRQHandler
 .text.SystemInit
                0x0000000008001f20        0x2 ./Core/Src/system_stm32f1xx.o
                0x0000000008001f20                SystemInit
 *fill*         0x0000000008001f22        0x2 
 .text.Reset_Handler
                0x0000000008001f24       0x48 ./Core/Startup/startup_stm32f103c8tx.o
                0x0000000008001f24                Reset_Handler
 .text.Default_Handler
                0x0000000008001f6c        0x2 ./Core/Startup/startup_stm32f103c8tx.o
                0x0000000008001f6c                RTC_Alarm_IRQHandler
                0x0000000008001f6c                EXTI2_IRQHandler
                0x0000000008001f6c                TIM1_CC_IRQHandler
                0x0000000008001f6c                PVD_IRQHandler
                0x0000000008001f6c                EXTI3_IRQHandler
                0x0000000008001f6c                EXTI0_IRQHandler
                0x0000000008001f6c                I2C2_EV_IRQHandler
                0x0000000008001f6c                ADC1_2_IRQHandler
                0x0000000008001f6c                SPI1_IRQHandler
                0x0000000008001f6c                TAMPER_IRQHandler
                0x0000000008001f6c                DMA1_Channel4_IRQHandler
                0x0000000008001f6c                USART3_IRQHandler
                0x0000000008001f6c                RTC_IRQHandler
                0x0000000008001f6c                DMA1_Channel7_IRQHandler
                0x0000000008001f6c                CAN1_RX1_IRQHandler
                0x0000000008001f6c                TIM4_IRQHandler
                0x0000000008001f6c                I2C1_EV_IRQHandler
                0x0000000008001f6c                DMA1_Channel6_IRQHandler
                0x0000000008001f6c                TIM3_IRQHandler
                0x0000000008001f6c                RCC_IRQHandler
                0x0000000008001f6c                TIM1_TRG_COM_IRQHandler
                0x0000000008001f6c                DMA1_Channel1_IRQHandler
                0x0000000008001f6c                Default_Handler
                0x0000000008001f6c                EXTI15_10_IRQHandler
                0x0000000008001f6c                EXTI9_5_IRQHandler
                0x0000000008001f6c                SPI2_IRQHandler
                0x0000000008001f6c                DMA1_Channel5_IRQHandler
                0x0000000008001f6c                EXTI4_IRQHandler
                0x0000000008001f6c                USB_LP_CAN1_RX0_IRQHandler
                0x0000000008001f6c                USB_HP_CAN1_TX_IRQHandler
                0x0000000008001f6c                DMA1_Channel3_IRQHandler
                0x0000000008001f6c                WWDG_IRQHandler
                0x0000000008001f6c                TIM2_IRQHandler
                0x0000000008001f6c                TIM1_BRK_IRQHandler
                0x0000000008001f6c                EXTI1_IRQHandler
                0x0000000008001f6c                USART2_IRQHandler
                0x0000000008001f6c                I2C2_ER_IRQHandler
                0x0000000008001f6c                DMA1_Channel2_IRQHandler
                0x0000000008001f6c                CAN1_SCE_IRQHandler
                0x0000000008001f6c                FLASH_IRQHandler
                0x0000000008001f6c                USART1_IRQHandler
                0x0000000008001f6c                I2C1_ER_IRQHandler
                0x0000000008001f6c                USBWakeUp_IRQHandler
 *fill*         0x0000000008001f6e        0x2 
 .text.HAL_Init
                0x0000000008001f70       0x24 ./Drivers/STM32F1xx_HAL_Driver/Src/stm32f1xx_hal.o
                0x0000000008001f70                HAL_Init
 .text.HAL_IncTick
                0x0000000008001f94       0x18 ./Drivers/STM32F1xx_HAL_Driver/Src/stm32f1xx_hal.o
                0x0000000008001f94                HAL_IncTick
 .text.HAL_GetTick
                0x0000000008001fac        0xc ./Drivers/STM32F1xx_HAL_Driver/Src/stm32f1xx_hal.o
                0x0000000008001fac                HAL_GetTick
 .text.HAL_Delay
                0x0000000008001fb8       0x24 ./Drivers/STM32F1xx_HAL_Driver/Src/stm32f1xx_hal.o
                0x0000000008001fb8                HAL_Delay
 .text.HAL_NVIC_SetPriorityGrouping
                0x0000000008001fdc       0x24 ./Drivers/STM32F1xx_HAL_Driver/Src/stm32f1xx_hal_cortex.o
                0x0000000008001fdc                HAL_NVIC_SetPriorityGrouping
 .text.HAL_NVIC_SetPriority
                0x0000000008002000       0x64 ./Drivers/STM32F1xx_HAL_Driver/Src/stm32f1xx_hal_cortex.o
                0x0000000008002000                HAL_NVIC_SetPriority
 .text.HAL_NVIC_EnableIRQ
                0x0000000008002064       0x1c ./Drivers/STM32F1xx_HAL_Driver/Src/stm32f1xx_hal_cortex.o
                0x0000000008002064                HAL_NVIC_EnableIRQ
 .text.HAL_GPIO_Init
                0x0000000008002080      0x1b4 ./Drivers/STM32F1xx_HAL_Driver/Src/stm32f1xx_hal_gpio.o
                0x0000000008002080                HAL_GPIO_Init
 .text.HAL_GPIO_ReadPin
                0x0000000008002234        0xc ./Drivers/STM32F1xx_HAL_Driver/Src/stm32f1xx_hal_gpio.o
                0x0000000008002234                HAL_GPIO_ReadPin
 .text.HAL_GPIO_WritePin
                0x0000000008002240        0xa ./Drivers/STM32F1xx_HAL_Driver/Src/stm32f1xx_hal_gpio.o
                0x0000000008002240                HAL_GPIO_WritePin
 .text.HAL_GPIO_TogglePin
                0x000000000800224a       0x12 ./Drivers/STM32F1xx_HAL_Driver/Src/stm32f1xx_hal_gpio.o
                0x000000000800224a                HAL_GPIO_TogglePin
 .text.I2C_IsAcknowledgeFailed
                0x000000000800225c       0x32 ./Drivers/STM32F1xx_HAL_Driver/Src/stm32f1xx_hal_i2c.o
 .text.I2C_WaitOnFlagUntilTimeout
                0x000000000800228e       0x64 ./Drivers/STM32F1xx_HAL_Driver/Src/stm32f1xx_hal_i2c.o
 .text.I2C_WaitOnMasterAddressFlagUntilTimeout
                0x00000000080022f2       0x76 ./Drivers/STM32F1xx_HAL_Driver/Src/stm32f1xx_hal_i2c.o
 .text.I2C_WaitOnRXNEFlagUntilTimeout
                0x0000000008002368       0x5e ./Drivers/STM32F1xx_HAL_Driver/Src/stm32f1xx_hal_i2c.o
 .text.I2C_WaitOnBTFFlagUntilTimeout
                0x00000000080023c6       0x4c ./Drivers/STM32F1xx_HAL_Driver/Src/stm32f1xx_hal_i2c.o
 .text.I2C_WaitOnTXEFlagUntilTimeout
                0x0000000008002412       0x4c ./Drivers/STM32F1xx_HAL_Driver/Src/stm32f1xx_hal_i2c.o
 *fill*         0x000000000800245e        0x2 
 .text.HAL_I2C_Init
                0x0000000008002460      0x150 ./Drivers/STM32F1xx_HAL_Driver/Src/stm32f1xx_hal_i2c.o
                0x0000000008002460                HAL_I2C_Init
 .text.HAL_I2C_Master_Transmit
                0x00000000080025b0      0x1b0 ./Drivers/STM32F1xx_HAL_Driver/Src/stm32f1xx_hal_i2c.o
                0x00000000080025b0                HAL_I2C_Master_Transmit
 .text.HAL_I2C_Master_Receive
                0x0000000008002760      0x348 ./Drivers/STM32F1xx_HAL_Driver/Src/stm32f1xx_hal_i2c.o
                0x0000000008002760                HAL_I2C_Master_Receive
 .text.HAL_IWDG_Init
                0x0000000008002aa8       0x4e ./Drivers/STM32F1xx_HAL_Driver/Src/stm32f1xx_hal_iwdg.o
                0x0000000008002aa8                HAL_IWDG_Init
 .text.HAL_IWDG_Refresh
                0x0000000008002af6        0xc ./Drivers/STM32F1xx_HAL_Driver/Src/stm32f1xx_hal_iwdg.o
                0x0000000008002af6                HAL_IWDG_Refresh
 *fill*         0x0000000008002b02        0x2 
 .text.HAL_RCC_OscConfig
                0x0000000008002b04      0x338 ./Drivers/STM32F1xx_HAL_Driver/Src/stm32f1xx_hal_rcc.o
                0x0000000008002b04                HAL_RCC_OscConfig
 .text.HAL_RCC_GetSysClockFreq
                0x0000000008002e3c       0x74 ./Drivers/STM32F1xx_HAL_Driver/Src/stm32f1xx_hal_rcc.o
                0x0000000008002e3c                HAL_RCC_GetSysClockFreq
 .text.HAL_RCC_ClockConfig
                0x0000000008002eb0      0x138 ./Drivers/STM32F1xx_HAL_Driver/Src/stm32f1xx_hal_rcc.o
                0x0000000008002eb0                HAL_RCC_ClockConfig
 .text.HAL_RCC_GetPCLK1Freq
                0x0000000008002fe8       0x20 ./Drivers/STM32F1xx_HAL_Driver/Src/stm32f1xx_hal_rcc.o
                0x0000000008002fe8                HAL_RCC_GetPCLK1Freq
 .text.HAL_RCC_GetPCLK2Freq
                0x0000000008003008       0x20 ./Drivers/STM32F1xx_HAL_Driver/Src/stm32f1xx_hal_rcc.o
                0x0000000008003008                HAL_RCC_GetPCLK2Freq
 .text.HAL_RCC_GetClockConfig
                0x0000000008003028       0x3c ./Drivers/STM32F1xx_HAL_Driver/Src/stm32f1xx_hal_rcc.o
                0x0000000008003028                HAL_RCC_GetClockConfig
 .text.HAL_TIM_Base_MspInit
                0x0000000008003064        0x2 ./Drivers/STM32F1xx_HAL_Driver/Src/stm32f1xx_hal_tim.o
                0x0000000008003064                HAL_TIM_Base_MspInit
 *fill*         0x0000000008003066        0x2 
 .text.HAL_TIM_Base_Start_IT
                0x0000000008003068       0x54 ./Drivers/STM32F1xx_HAL_Driver/Src/stm32f1xx_hal_tim.o
                0x0000000008003068                HAL_TIM_Base_Start_IT
 .text.HAL_TIM_OC_DelayElapsedCallback
                0x00000000080030bc        0x2 ./Drivers/STM32F1xx_HAL_Driver/Src/stm32f1xx_hal_tim.o
                0x00000000080030bc                HAL_TIM_OC_DelayElapsedCallback
 .text.HAL_TIM_IC_CaptureCallback
                0x00000000080030be        0x2 ./Drivers/STM32F1xx_HAL_Driver/Src/stm32f1xx_hal_tim.o
                0x00000000080030be                HAL_TIM_IC_CaptureCallback
 .text.HAL_TIM_PWM_PulseFinishedCallback
                0x00000000080030c0        0x2 ./Drivers/STM32F1xx_HAL_Driver/Src/stm32f1xx_hal_tim.o
                0x00000000080030c0                HAL_TIM_PWM_PulseFinishedCallback
 .text.HAL_TIM_TriggerCallback
                0x00000000080030c2        0x2 ./Drivers/STM32F1xx_HAL_Driver/Src/stm32f1xx_hal_tim.o
                0x00000000080030c2                HAL_TIM_TriggerCallback
 .text.HAL_TIM_IRQHandler
                0x00000000080030c4      0x144 ./Drivers/STM32F1xx_HAL_Driver/Src/stm32f1xx_hal_tim.o
                0x00000000080030c4                HAL_TIM_IRQHandler
 .text.TIM_Base_SetConfig
                0x0000000008003208       0x70 ./Drivers/STM32F1xx_HAL_Driver/Src/stm32f1xx_hal_tim.o
                0x0000000008003208                TIM_Base_SetConfig
 .text.HAL_TIM_Base_Init
                0x0000000008003278       0x58 ./Drivers/STM32F1xx_HAL_Driver/Src/stm32f1xx_hal_tim.o
                0x0000000008003278                HAL_TIM_Base_Init
 .text.HAL_TIMEx_CommutCallback
                0x00000000080032d0        0x2 ./Drivers/STM32F1xx_HAL_Driver/Src/stm32f1xx_hal_tim_ex.o
                0x00000000080032d0                HAL_TIMEx_CommutCallback
 .text.HAL_TIMEx_BreakCallback
                0x00000000080032d2        0x2 ./Drivers/STM32F1xx_HAL_Driver/Src/stm32f1xx_hal_tim_ex.o
                0x00000000080032d2                HAL_TIMEx_BreakCallback
 .text.osKernelInitialize
                0x00000000080032d4       0x38 ./Middlewares/Third_Party/FreeRTOS/Source/CMSIS_RTOS_V2/cmsis_os2.o
                0x00000000080032d4                osKernelInitialize
 .text.osKernelStart
                0x000000000800330c       0x40 ./Middlewares/Third_Party/FreeRTOS/Source/CMSIS_RTOS_V2/cmsis_os2.o
                0x000000000800330c                osKernelStart
 .text.osKernelLock
                0x000000000800334c       0x48 ./Middlewares/Third_Party/FreeRTOS/Source/CMSIS_RTOS_V2/cmsis_os2.o
                0x000000000800334c                osKernelLock
 .text.osKernelUnlock
                0x0000000008003394       0x54 ./Middlewares/Third_Party/FreeRTOS/Source/CMSIS_RTOS_V2/cmsis_os2.o
                0x0000000008003394                osKernelUnlock
 .text.osKernelGetTickCount
                0x00000000080033e8       0x2c ./Middlewares/Third_Party/FreeRTOS/Source/CMSIS_RTOS_V2/cmsis_os2.o
                0x00000000080033e8                osKernelGetTickCount
 .text.osThreadNew
                0x0000000008003414       0xb8 ./Middlewares/Third_Party/FreeRTOS/Source/CMSIS_RTOS_V2/cmsis_os2.o
                0x0000000008003414                osThreadNew
 .text.osDelay  0x00000000080034cc       0x38 ./Middlewares/Third_Party/FreeRTOS/Source/CMSIS_RTOS_V2/cmsis_os2.o
                0x00000000080034cc                osDelay
 .text.osDelayUntil
                0x0000000008003504       0x40 ./Middlewares/Third_Party/FreeRTOS/Source/CMSIS_RTOS_V2/cmsis_os2.o
                0x0000000008003504                osDelayUntil
 .text.osEventFlagsNew
                0x0000000008003544       0x3c ./Middlewares/Third_Party/FreeRTOS/Source/CMSIS_RTOS_V2/cmsis_os2.o
                0x0000000008003544                osEventFlagsNew
 .text.osEventFlagsSet
                0x0000000008003580       0x74 ./Middlewares/Third_Party/FreeRTOS/Source/CMSIS_RTOS_V2/cmsis_os2.o
                0x0000000008003580                osEventFlagsSet
 .text.osEventFlagsClear
                0x00000000080035f4       0x60 ./Middlewares/Third_Party/FreeRTOS/Source/CMSIS_RTOS_V2/cmsis_os2.o
                0x00000000080035f4                osEventFlagsClear
 .text.osEventFlagsGet
                0x0000000008003654       0x38 ./Middlewares/Third_Party/FreeRTOS/Source/CMSIS_RTOS_V2/cmsis_os2.o
                0x0000000008003654                osEventFlagsGet
 .text.osMutexNew
                0x000000000800368c       0x88 ./Middlewares/Third_Party/FreeRTOS/Source/CMSIS_RTOS_V2/cmsis_os2.o
                0x000000000800368c                osMutexNew
 .text.osMutexAcquire
                0x0000000008003714       0x64 ./Middlewares/Third_Party/FreeRTOS/Source/CMSIS_RTOS_V2/cmsis_os2.o
                0x0000000008003714                osMutexAcquire
 .text.osMutexRelease
                0x0000000008003778       0x58 ./Middlewares/Third_Party/FreeRTOS/Source/CMSIS_RTOS_V2/cmsis_os2.o
                0x0000000008003778                osMutexRelease
 .text.osSemaphoreNew
                0x00000000080037d0       0xb0 ./Middlewares/Third_Party/FreeRTOS/Source/CMSIS_RTOS_V2/cmsis_os2.o
                0x00000000080037d0                osSemaphoreNew
 .text.osSemaphoreAcquire
                0x0000000008003880       0x78 ./Middlewares/Third_Party/FreeRTOS/Source/CMSIS_RTOS_V2/cmsis_os2.o
                0x0000000008003880                osSemaphoreAcquire
 .text.osSemaphoreRelease
                0x00000000080038f8       0x70 ./Middlewares/Third_Party/FreeRTOS/Source/CMSIS_RTOS_V2/cmsis_os2.o
                0x00000000080038f8                osSemaphoreRelease
 .text.osMessageQueueNew
                0x0000000008003968       0x90 ./Middlewares/Third_Party/FreeRTOS/Source/CMSIS_RTOS_V2/cmsis_os2.o
                0x0000000008003968                osMessageQueueNew
 .text.osMessageQueuePut
                0x00000000080039f8       0x88 ./Middlewares/Third_Party/FreeRTOS/Source/CMSIS_RTOS_V2/cmsis_os2.o
                0x00000000080039f8                osMessageQueuePut
 .text.osMessageQueueGet
                0x0000000008003a80       0x84 ./Middlewares/Third_Party/FreeRTOS/Source/CMSIS_RTOS_V2/cmsis_os2.o
                0x0000000008003a80                osMessageQueueGet
 .text.vApplicationGetIdleTaskMemory
                0x0000000008003b04       0x18 ./Middlewares/Third_Party/FreeRTOS/Source/CMSIS_RTOS_V2/cmsis_os2.o
                0x0000000008003b04                vApplicationGetIdleTaskMemory
 .text.vApplicationGetTimerTaskMemory
                0x0000000008003b1c       0x18 ./Middlewares/Third_Party/FreeRTOS/Source/CMSIS_RTOS_V2/cmsis_os2.o
                0x0000000008003b1c                vApplicationGetTimerTaskMemory
 .text.xEventGroupCreateStatic
                0x0000000008003b34       0x48 ./Middlewares/Third_Party/FreeRTOS/Source/event_groups.o
                0x0000000008003b34                xEventGroupCreateStatic
 .text.xEventGroupCreate
                0x0000000008003b7c       0x1c ./Middlewares/Third_Party/FreeRTOS/Source/event_groups.o
                0x0000000008003b7c                xEventGroupCreate
 .text.xEventGroupClearBits
                0x0000000008003b98       0x46 ./Middlewares/Third_Party/FreeRTOS/Source/event_groups.o
                0x0000000008003b98                xEventGroupClearBits
 .text.vEventGroupClearBitsCallback
                0x0000000008003bde        0x4 ./Middlewares/Third_Party/FreeRTOS/Source/event_groups.o
                0x0000000008003bde                vEventGroupClearBitsCallback
 *fill*         0x0000000008003be2        0x2 
 .text.xEventGroupClearBitsFromISR
                0x0000000008003be4       0x10 ./Middlewares/Third_Party/FreeRTOS/Source/event_groups.o
                0x0000000008003be4                xEventGroupClearBitsFromISR
 .text.xEventGroupGetBitsFromISR
                0x0000000008003bf4       0x1c ./Middlewares/Third_Party/FreeRTOS/Source/event_groups.o
                0x0000000008003bf4                xEventGroupGetBitsFromISR
 .text.xEventGroupSetBits
                0x0000000008003c10       0x86 ./Middlewares/Third_Party/FreeRTOS/Source/event_groups.o
                0x0000000008003c10                xEventGroupSetBits
 .text.vEventGroupSetBitsCallback
                0x0000000008003c96        0x4 ./Middlewares/Third_Party/FreeRTOS/Source/event_groups.o
                0x0000000008003c96                vEventGroupSetBitsCallback
 *fill*         0x0000000008003c9a        0x2 
 .text.xEventGroupSetBitsFromISR
                0x0000000008003c9c       0x10 ./Middlewares/Third_Party/FreeRTOS/Source/event_groups.o
                0x0000000008003c9c                xEventGroupSetBitsFromISR
 .text.vListInitialise
                0x0000000008003cac       0x16 ./Middlewares/Third_Party/FreeRTOS/Source/list.o
                0x0000000008003cac                vListInitialise
 .text.vListInitialiseItem
                0x0000000008003cc2        0x6 ./Middlewares/Third_Party/FreeRTOS/Source/list.o
                0x0000000008003cc2                vListInitialiseItem
 .text.vListInsertEnd
                0x0000000008003cc8       0x18 ./Middlewares/Third_Party/FreeRTOS/Source/list.o
                0x0000000008003cc8                vListInsertEnd
 .text.vListInsert
                0x0000000008003ce0       0x2e ./Middlewares/Third_Party/FreeRTOS/Source/list.o
                0x0000000008003ce0                vListInsert
 .text.uxListRemove
                0x0000000008003d0e       0x20 ./Middlewares/Third_Party/FreeRTOS/Source/list.o
                0x0000000008003d0e                uxListRemove
 .text.prvIsQueueEmpty
                0x0000000008003d2e       0x16 ./Middlewares/Third_Party/FreeRTOS/Source/queue.o
 .text.prvCopyDataToQueue
                0x0000000008003d44       0x6a ./Middlewares/Third_Party/FreeRTOS/Source/queue.o
 .text.prvCopyDataFromQueue
                0x0000000008003dae       0x28 ./Middlewares/Third_Party/FreeRTOS/Source/queue.o
 .text.prvUnlockQueue
                0x0000000008003dd6       0x70 ./Middlewares/Third_Party/FreeRTOS/Source/queue.o
 .text.xQueueGenericReset
                0x0000000008003e46       0x7e ./Middlewares/Third_Party/FreeRTOS/Source/queue.o
                0x0000000008003e46                xQueueGenericReset
 .text.xQueueGenericCreateStatic
                0x0000000008003ec4       0x9a ./Middlewares/Third_Party/FreeRTOS/Source/queue.o
                0x0000000008003ec4                xQueueGenericCreateStatic
 .text.xQueueGenericCreate
                0x0000000008003f5e       0x4e ./Middlewares/Third_Party/FreeRTOS/Source/queue.o
                0x0000000008003f5e                xQueueGenericCreate
 .text.xQueueCreateCountingSemaphoreStatic
                0x0000000008003fac       0x44 ./Middlewares/Third_Party/FreeRTOS/Source/queue.o
                0x0000000008003fac                xQueueCreateCountingSemaphoreStatic
 .text.xQueueCreateCountingSemaphore
                0x0000000008003ff0       0x3c ./Middlewares/Third_Party/FreeRTOS/Source/queue.o
                0x0000000008003ff0                xQueueCreateCountingSemaphore
 .text.xQueueGenericSend
                0x000000000800402c      0x166 ./Middlewares/Third_Party/FreeRTOS/Source/queue.o
                0x000000000800402c                xQueueGenericSend
 .text.xQueueCreateMutexStatic
                0x0000000008004192       0x2a ./Middlewares/Third_Party/FreeRTOS/Source/queue.o
                0x0000000008004192                xQueueCreateMutexStatic
 .text.xQueueGiveMutexRecursive
                0x00000000080041bc       0x3c ./Middlewares/Third_Party/FreeRTOS/Source/queue.o
                0x00000000080041bc                xQueueGiveMutexRecursive
 .text.xQueueCreateMutex
                0x00000000080041f8       0x3a ./Middlewares/Third_Party/FreeRTOS/Source/queue.o
                0x00000000080041f8                xQueueCreateMutex
 .text.xQueueGenericSendFromISR
                0x0000000008004232       0xc2 ./Middlewares/Third_Party/FreeRTOS/Source/queue.o
                0x0000000008004232                xQueueGenericSendFromISR
 .text.xQueueGiveFromISR
                0x00000000080042f4       0xa8 ./Middlewares/Third_Party/FreeRTOS/Source/queue.o
                0x00000000080042f4                xQueueGiveFromISR
 .text.xQueueReceive
                0x000000000800439c      0x13e ./Middlewares/Third_Party/FreeRTOS/Source/queue.o
                0x000000000800439c                xQueueReceive
 .text.xQueueSemaphoreTake
                0x00000000080044da      0x186 ./Middlewares/Third_Party/FreeRTOS/Source/queue.o
                0x00000000080044da                xQueueSemaphoreTake
 .text.xQueueTakeMutexRecursive
                0x0000000008004660       0x42 ./Middlewares/Third_Party/FreeRTOS/Source/queue.o
                0x0000000008004660                xQueueTakeMutexRecursive
 .text.xQueueReceiveFromISR
                0x00000000080046a2       0x9e ./Middlewares/Third_Party/FreeRTOS/Source/queue.o
                0x00000000080046a2                xQueueReceiveFromISR
 .text.vQueueAddToRegistry
                0x0000000008004740       0x24 ./Middlewares/Third_Party/FreeRTOS/Source/queue.o
                0x0000000008004740                vQueueAddToRegistry
 .text.vQueueUnregisterQueue
                0x0000000008004764       0x28 ./Middlewares/Third_Party/FreeRTOS/Source/queue.o
                0x0000000008004764                vQueueUnregisterQueue
 .text.vQueueDelete
                0x000000000800478c       0x2e ./Middlewares/Third_Party/FreeRTOS/Source/queue.o
                0x000000000800478c                vQueueDelete
 .text.vQueueWaitForMessageRestricted
                0x00000000080047ba       0x46 ./Middlewares/Third_Party/FreeRTOS/Source/queue.o
                0x00000000080047ba                vQueueWaitForMessageRestricted
 .text.prvAddNewTaskToReadyList
                0x0000000008004800      0x100 ./Middlewares/Third_Party/FreeRTOS/Source/tasks.o
 .text.prvAddCurrentTaskToDelayedList
                0x0000000008004900       0x70 ./Middlewares/Third_Party/FreeRTOS/Source/tasks.o
 .text.prvResetNextTaskUnblockTime
                0x0000000008004970       0x24 ./Middlewares/Third_Party/FreeRTOS/Source/tasks.o
 .text.prvDeleteTCB
                0x0000000008004994       0x3c ./Middlewares/Third_Party/FreeRTOS/Source/tasks.o
 .text.prvIdleTask
                0x00000000080049d0       0x60 ./Middlewares/Third_Party/FreeRTOS/Source/tasks.o
 .text.prvInitialiseNewTask.constprop.0
                0x0000000008004a30       0xb4 ./Middlewares/Third_Party/FreeRTOS/Source/tasks.o
 .text.xTaskCreateStatic
                0x0000000008004ae4       0x6e ./Middlewares/Third_Party/FreeRTOS/Source/tasks.o
                0x0000000008004ae4                xTaskCreateStatic
 .text.xTaskCreate
                0x0000000008004b52       0x5a ./Middlewares/Third_Party/FreeRTOS/Source/tasks.o
                0x0000000008004b52                xTaskCreate
 .text.vTaskStartScheduler
                0x0000000008004bac       0xa0 ./Middlewares/Third_Party/FreeRTOS/Source/tasks.o
                0x0000000008004bac                vTaskStartScheduler
 .text.vTaskSuspendAll
                0x0000000008004c4c       0x10 ./Middlewares/Third_Party/FreeRTOS/Source/tasks.o
                0x0000000008004c4c                vTaskSuspendAll
 .text.xTaskGetTickCount
                0x0000000008004c5c        0xc ./Middlewares/Third_Party/FreeRTOS/Source/tasks.o
                0x0000000008004c5c                xTaskGetTickCount
 .text.xTaskGetTickCountFromISR
                0x0000000008004c68       0x10 ./Middlewares/Third_Party/FreeRTOS/Source/tasks.o
                0x0000000008004c68                xTaskGetTickCountFromISR
 .text.xTaskIncrementTick
                0x0000000008004c78      0x120 ./Middlewares/Third_Party/FreeRTOS/Source/tasks.o
                0x0000000008004c78                xTaskIncrementTick
 .text.xTaskResumeAll
                0x0000000008004d98       0xe8 ./Middlewares/Third_Party/FreeRTOS/Source/tasks.o
                0x0000000008004d98                xTaskResumeAll
 .text.vTaskDelayUntil
                0x0000000008004e80       0x90 ./Middlewares/Third_Party/FreeRTOS/Source/tasks.o
                0x0000000008004e80                vTaskDelayUntil
 .text.vTaskDelay
                0x0000000008004f10       0x48 ./Middlewares/Third_Party/FreeRTOS/Source/tasks.o
                0x0000000008004f10                vTaskDelay
 .text.vTaskSwitchContext
                0x0000000008004f58       0x84 ./Middlewares/Third_Party/FreeRTOS/Source/tasks.o
                0x0000000008004f58                vTaskSwitchContext
 .text.vTaskPlaceOnEventList
                0x0000000008004fdc       0x34 ./Middlewares/Third_Party/FreeRTOS/Source/tasks.o
                0x0000000008004fdc                vTaskPlaceOnEventList
 .text.vTaskPlaceOnEventListRestricted
                0x0000000008005010       0x40 ./Middlewares/Third_Party/FreeRTOS/Source/tasks.o
                0x0000000008005010                vTaskPlaceOnEventListRestricted
 .text.xTaskRemoveFromEventList
                0x0000000008005050       0x80 ./Middlewares/Third_Party/FreeRTOS/Source/tasks.o
                0x0000000008005050                xTaskRemoveFromEventList
 .text.vTaskRemoveFromUnorderedEventList
                0x00000000080050d0       0x84 ./Middlewares/Third_Party/FreeRTOS/Source/tasks.o
                0x00000000080050d0                vTaskRemoveFromUnorderedEventList
 .text.vTaskInternalSetTimeOutState
                0x0000000008005154       0x18 ./Middlewares/Third_Party/FreeRTOS/Source/tasks.o
                0x0000000008005154                vTaskInternalSetTimeOutState
 .text.xTaskCheckForTimeOut
                0x000000000800516c       0x78 ./Middlewares/Third_Party/FreeRTOS/Source/tasks.o
                0x000000000800516c                xTaskCheckForTimeOut
 .text.vTaskMissedYield
                0x00000000080051e4        0xc ./Middlewares/Third_Party/FreeRTOS/Source/tasks.o
                0x00000000080051e4                vTaskMissedYield
 .text.xTaskGetCurrentTaskHandle
                0x00000000080051f0        0xc ./Middlewares/Third_Party/FreeRTOS/Source/tasks.o
                0x00000000080051f0                xTaskGetCurrentTaskHandle
 .text.xTaskGetSchedulerState
                0x00000000080051fc       0x20 ./Middlewares/Third_Party/FreeRTOS/Source/tasks.o
                0x00000000080051fc                xTaskGetSchedulerState
 .text.xTaskPriorityInherit
                0x000000000800521c       0x80 ./Middlewares/Third_Party/FreeRTOS/Source/tasks.o
                0x000000000800521c                xTaskPriorityInherit
 .text.xTaskPriorityDisinherit
                0x000000000800529c       0x84 ./Middlewares/Third_Party/FreeRTOS/Source/tasks.o
                0x000000000800529c                xTaskPriorityDisinherit
 .text.vTaskPriorityDisinheritAfterTimeout
                0x0000000008005320       0x9c ./Middlewares/Third_Party/FreeRTOS/Source/tasks.o
                0x0000000008005320                vTaskPriorityDisinheritAfterTimeout
 .text.pvTaskIncrementMutexHeldCount
                0x00000000080053bc       0x18 ./Middlewares/Third_Party/FreeRTOS/Source/tasks.o
                0x00000000080053bc                pvTaskIncrementMutexHeldCount
 .text.prvCheckForValidListAndQueue
                0x00000000080053d4       0x68 ./Middlewares/Third_Party/FreeRTOS/Source/timers.o
 .text.prvInsertTimerInActiveList
                0x000000000800543c       0x3c ./Middlewares/Third_Party/FreeRTOS/Source/timers.o
 .text.xTimerCreateTimerTask
                0x0000000008005478       0x64 ./Middlewares/Third_Party/FreeRTOS/Source/timers.o
                0x0000000008005478                xTimerCreateTimerTask
 .text.xTimerGenericCommand
                0x00000000080054dc       0x58 ./Middlewares/Third_Party/FreeRTOS/Source/timers.o
                0x00000000080054dc                xTimerGenericCommand
 .text.prvSampleTimeNow
                0x0000000008005534       0xa8 ./Middlewares/Third_Party/FreeRTOS/Source/timers.o
 .text.prvTimerTask
                0x00000000080055dc      0x1b8 ./Middlewares/Third_Party/FreeRTOS/Source/timers.o
 .text.xTimerPendFunctionCallFromISR
                0x0000000008005794       0x28 ./Middlewares/Third_Party/FreeRTOS/Source/timers.o
                0x0000000008005794                xTimerPendFunctionCallFromISR
 .text.prvPortStartFirstTask
                0x00000000080057bc       0x20 ./Middlewares/Third_Party/FreeRTOS/Source/portable/GCC/ARM_CM3/port.o
 .text.prvTaskExitError
                0x00000000080057dc       0x40 ./Middlewares/Third_Party/FreeRTOS/Source/portable/GCC/ARM_CM3/port.o
 .text.pxPortInitialiseStack
                0x000000000800581c       0x24 ./Middlewares/Third_Party/FreeRTOS/Source/portable/GCC/ARM_CM3/port.o
                0x000000000800581c                pxPortInitialiseStack
 .text.SVC_Handler
                0x0000000008005840       0x24 ./Middlewares/Third_Party/FreeRTOS/Source/portable/GCC/ARM_CM3/port.o
                0x0000000008005840                SVC_Handler
 .text.vPortEnterCritical
                0x0000000008005864       0x40 ./Middlewares/Third_Party/FreeRTOS/Source/portable/GCC/ARM_CM3/port.o
                0x0000000008005864                vPortEnterCritical
 .text.vPortExitCritical
                0x00000000080058a4       0x28 ./Middlewares/Third_Party/FreeRTOS/Source/portable/GCC/ARM_CM3/port.o
                0x00000000080058a4                vPortExitCritical
 *fill*         0x00000000080058cc        0x4 
 .text.PendSV_Handler
                0x00000000080058d0       0x44 ./Middlewares/Third_Party/FreeRTOS/Source/portable/GCC/ARM_CM3/port.o
                0x00000000080058d0                PendSV_Handler
 .text.SysTick_Handler
                0x0000000008005914       0x2c ./Middlewares/Third_Party/FreeRTOS/Source/portable/GCC/ARM_CM3/port.o
                0x0000000008005914                SysTick_Handler
 .text.vPortSetupTimerInterrupt
                0x0000000008005940       0x24 ./Middlewares/Third_Party/FreeRTOS/Source/portable/GCC/ARM_CM3/port.o
                0x0000000008005940                vPortSetupTimerInterrupt
 .text.xPortStartScheduler
                0x0000000008005964       0xb8 ./Middlewares/Third_Party/FreeRTOS/Source/portable/GCC/ARM_CM3/port.o
                0x0000000008005964                xPortStartScheduler
 .text.vPortValidateInterruptPriority
                0x0000000008005a1c       0x5c ./Middlewares/Third_Party/FreeRTOS/Source/portable/GCC/ARM_CM3/port.o
                0x0000000008005a1c                vPortValidateInterruptPriority
 .text.prvInsertBlockIntoFreeList
                0x0000000008005a78       0x48 ./Middlewares/Third_Party/FreeRTOS/Source/portable/MemMang/heap_4.o
 .text.pvPortMalloc
                0x0000000008005ac0      0x120 ./Middlewares/Third_Party/FreeRTOS/Source/portable/MemMang/heap_4.o
                0x0000000008005ac0                pvPortMalloc
 .text.vPortFree
                0x0000000008005be0       0x70 ./Middlewares/Third_Party/FreeRTOS/Source/portable/MemMang/heap_4.o
                0x0000000008005be0                vPortFree
 .text.__libc_init_array
                0x0000000008005c50       0x48 c:/st/stm32cubeide_1.3.0/stm32cubeide/plugins/com.st.stm32cube.ide.mcu.externaltools.gnu-tools-for-stm32.10.3-2021.10.win32_1.0.0.202111181127/tools/bin/../lib/gcc/arm-none-eabi/10.3.1/../../../../arm-none-eabi/lib/thumb/v7-m/nofp\libc_nano.a(lib_a-init.o)
                0x0000000008005c50                __libc_init_array
 .text.__retarget_lock_acquire_recursive
                0x0000000008005c98        0x2 c:/st/stm32cubeide_1.3.0/stm32cubeide/plugins/com.st.stm32cube.ide.mcu.externaltools.gnu-tools-for-stm32.10.3-2021.10.win32_1.0.0.202111181127/tools/bin/../lib/gcc/arm-none-eabi/10.3.1/../../../../arm-none-eabi/lib/thumb/v7-m/nofp\libc_nano.a(lib_a-lock.o)
                0x0000000008005c98                __retarget_lock_acquire_recursive
 .text.__retarget_lock_release_recursive
                0x0000000008005c9a        0x2 c:/st/stm32cubeide_1.3.0/stm32cubeide/plugins/com.st.stm32cube.ide.mcu.externaltools.gnu-tools-for-stm32.10.3-2021.10.win32_1.0.0.202111181127/tools/bin/../lib/gcc/arm-none-eabi/10.3.1/../../../../arm-none-eabi/lib/thumb/v7-m/nofp\libc_nano.a(lib_a-lock.o)
                0x0000000008005c9a                __retarget_lock_release_recursive
 .text.memcpy   0x0000000008005c9c       0x1c c:/st/stm32cubeide_1.3.0/stm32cubeide/plugins/com.st.stm32cube.ide.mcu.externaltools.gnu-tools-for-stm32.10.3-2021.10.win32_1.0.0.202111181127/tools/bin/../lib/gcc/arm-none-eabi/10.3.1/../../../../arm-none-eabi/lib/thumb/v7-m/nofp\libc_nano.a(lib_a-memcpy-stub.o)
                0x0000000008005c9c                memcpy
 .text.memset   0x0000000008005cb8       0x10 c:/st/stm32cubeide_1.3.0/stm32cubeide/plugins/com.st.stm32cube.ide.mcu.externaltools.gnu-tools-for-stm32.10.3-2021.10.win32_1.0.0.202111181127/tools/bin/../lib/gcc/arm-none-eabi/10.3.1/../../../../arm-none-eabi/lib/thumb/v7-m/nofp\libc_nano.a(lib_a-memset.o)
                0x0000000008005cb8                memset
 .text.cleanup_glue
                0x0000000008005cc8       0x1a c:/st/stm32cubeide_1.3.0/stm32cubeide/plugins/com.st.stm32cube.ide.mcu.externaltools.gnu-tools-for-stm32.10.3-2021.10.win32_1.0.0.202111181127/tools/bin/../lib/gcc/arm-none-eabi/10.3.1/../../../../arm-none-eabi/lib/thumb/v7-m/nofp\libc_nano.a(lib_a-reent.o)
                0x0000000008005cc8                cleanup_glue
 *fill*         0x0000000008005ce2        0x2 
 .text._reclaim_reent
                0x0000000008005ce4       0xb8 c:/st/stm32cubeide_1.3.0/stm32cubeide/plugins/com.st.stm32cube.ide.mcu.externaltools.gnu-tools-for-stm32.10.3-2021.10.win32_1.0.0.202111181127/tools/bin/../lib/gcc/arm-none-eabi/10.3.1/../../../../arm-none-eabi/lib/thumb/v7-m/nofp\libc_nano.a(lib_a-reent.o)
                0x0000000008005ce4                _reclaim_reent
 .text.__malloc_lock
                0x0000000008005d9c        0xc c:/st/stm32cubeide_1.3.0/stm32cubeide/plugins/com.st.stm32cube.ide.mcu.externaltools.gnu-tools-for-stm32.10.3-2021.10.win32_1.0.0.202111181127/tools/bin/../lib/gcc/arm-none-eabi/10.3.1/../../../../arm-none-eabi/lib/thumb/v7-m/nofp\libc_nano.a(lib_a-mlock.o)
                0x0000000008005d9c                __malloc_lock
 .text.__malloc_unlock
                0x0000000008005da8        0xc c:/st/stm32cubeide_1.3.0/stm32cubeide/plugins/com.st.stm32cube.ide.mcu.externaltools.gnu-tools-for-stm32.10.3-2021.10.win32_1.0.0.202111181127/tools/bin/../lib/gcc/arm-none-eabi/10.3.1/../../../../arm-none-eabi/lib/thumb/v7-m/nofp\libc_nano.a(lib_a-mlock.o)
                0x0000000008005da8                __malloc_unlock
 .text._free_r  0x0000000008005db4       0x90 c:/st/stm32cubeide_1.3.0/stm32cubeide/plugins/com.st.stm32cube.ide.mcu.externaltools.gnu-tools-for-stm32.10.3-2021.10.win32_1.0.0.202111181127/tools/bin/../lib/gcc/arm-none-eabi/10.3.1/../../../../arm-none-eabi/lib/thumb/v7-m/nofp\libc_nano.a(lib_a-nano-freer.o)
                0x0000000008005db4                _free_r
 *(.glue_7)
 .glue_7        0x0000000008005e44        0x0 linker stubs
 *(.glue_7t)
 .glue_7t       0x0000000008005e44        0x0 linker stubs
 *(.eh_frame)
 .eh_frame      0x0000000008005e44        0x0 c:/st/stm32cubeide_1.3.0/stm32cubeide/plugins/com.st.stm32cube.ide.mcu.externaltools.gnu-tools-for-stm32.10.3-2021.10.win32_1.0.0.202111181127/tools/bin/../lib/gcc/arm-none-eabi/10.3.1/thumb/v7-m/nofp/crtbegin.o
 *(.init)
 .init          0x0000000008005e44        0x4 c:/st/stm32cubeide_1.3.0/stm32cubeide/plugins/com.st.stm32cube.ide.mcu.externaltools.gnu-tools-for-stm32.10.3-2021.10.win32_1.0.0.202111181127/tools/bin/../lib/gcc/arm-none-eabi/10.3.1/thumb/v7-m/nofp/crti.o
                0x0000000008005e44                _init
 .init          0x0000000008005e48        0x8 c:/st/stm32cubeide_1.3.0/stm32cubeide/plugins/com.st.stm32cube.ide.mcu.externaltools.gnu-tools-for-stm32.10.3-2021.10.win32_1.0.0.202111181127/tools/bin/../lib/gcc/arm-none-eabi/10.3.1/thumb/v7-m/nofp/crtn.o
 *(.fini)
 .fini          0x0000000008005e50        0x4 c:/st/stm32cubeide_1.3.0/stm32cubeide/plugins/com.st.stm32cube.ide.mcu.externaltools.gnu-tools-for-stm32.10.3-2021.10.win32_1.0.0.202111181127/tools/bin/../lib/gcc/arm-none-eabi/10.3.1/thumb/v7-m/nofp/crti.o
                0x0000000008005e50                _fini
 .fini          0x0000000008005e54        0x8 c:/st/stm32cubeide_1.3.0/stm32cubeide/plugins/com.st.stm32cube.ide.mcu.externaltools.gnu-tools-for-stm32.10.3-2021.10.win32_1.0.0.202111181127/tools/bin/../lib/gcc/arm-none-eabi/10.3.1/thumb/v7-m/nofp/crtn.o
                0x0000000008005e5c                . = ALIGN (0x4)
                0x0000000008005e5c                _etext = .

.vfp11_veneer   0x0000000008005e5c        0x0
 .vfp11_veneer  0x0000000008005e5c        0x0 linker stubs

.v4_bx          0x0000000008005e5c        0x0
 .v4_bx         0x0000000008005e5c        0x0 linker stubs

.iplt           0x0000000008005e5c        0x0
 .iplt          0x0000000008005e5c        0x0 c:/st/stm32cubeide_1.3.0/stm32cubeide/plugins/com.st.stm32cube.ide.mcu.externaltools.gnu-tools-for-stm32.10.3-2021.10.win32_1.0.0.202111181127/tools/bin/../lib/gcc/arm-none-eabi/10.3.1/thumb/v7-m/nofp/crtbegin.o

.rodata         0x0000000008005e5c      0x20c
                0x0000000008005e5c                . = ALIGN (0x4)
 *(.rodata)
 *(.rodata*)
 .rodata.str1.1
                0x0000000008005e5c       0x65 ./Core/Src/main.o
 *fill*         0x0000000008005ec1        0x3 
 .rodata.BtnHandler_attributes
                0x0000000008005ec4       0x24 ./Core/Src/main.o
                0x0000000008005ec4                BtnHandler_attributes
 .rodata.ClockDataMutex_attributes
                0x0000000008005ee8       0x10 ./Core/Src/main.o
                0x0000000008005ee8                ClockDataMutex_attributes
 .rodata.ClockDealer_attributes
                0x0000000008005ef8       0x24 ./Core/Src/main.o
                0x0000000008005ef8                ClockDealer_attributes
 .rodata.DacDealer_attributes
                0x0000000008005f1c       0x24 ./Core/Src/main.o
                0x0000000008005f1c                DacDealer_attributes
 .rodata.LedDealer_attributes
                0x0000000008005f40       0x24 ./Core/Src/main.o
                0x0000000008005f40                LedDealer_attributes
 .rodata.LedsSem_attributes
                0x0000000008005f64       0x10 ./Core/Src/main.o
                0x0000000008005f64                LedsSem_attributes
 .rodata.MainTaskName_attributes
                0x0000000008005f74       0x24 ./Core/Src/main.o
                0x0000000008005f74                MainTaskName_attributes
 .rodata.SaveEvent_attributes
                0x0000000008005f98       0x10 ./Core/Src/main.o
                0x0000000008005f98                SaveEvent_attributes
 .rodata.defaultTask_attributes
                0x0000000008005fa8       0x24 ./Core/Src/main.o
                0x0000000008005fa8                defaultTask_attributes
 .rodata.AHBPrescTable
                0x0000000008005fcc       0x10 ./Core/Src/system_stm32f1xx.o
                0x0000000008005fcc                AHBPrescTable
 .rodata.APBPrescTable
                0x0000000008005fdc        0x8 ./Core/Src/system_stm32f1xx.o
                0x0000000008005fdc                APBPrescTable
 .rodata.HAL_RCC_GetSysClockFreq.str1.1
                0x0000000008005fe4       0x11 ./Drivers/STM32F1xx_HAL_Driver/Src/stm32f1xx_hal_rcc.o
 .rodata.vTaskStartScheduler.str1.1
                0x0000000008005ff5        0x5 ./Middlewares/Third_Party/FreeRTOS/Source/tasks.o
 .rodata.prvCheckForValidListAndQueue.str1.1
                0x0000000008005ffa        0x5 ./Middlewares/Third_Party/FreeRTOS/Source/timers.o
 .rodata.xTimerCreateTimerTask.str1.1
                0x0000000008005fff        0x8 ./Middlewares/Third_Party/FreeRTOS/Source/timers.o
 *fill*         0x0000000008006007        0x1 
 .rodata.__sf_fake_stderr
                0x0000000008006008       0x20 c:/st/stm32cubeide_1.3.0/stm32cubeide/plugins/com.st.stm32cube.ide.mcu.externaltools.gnu-tools-for-stm32.10.3-2021.10.win32_1.0.0.202111181127/tools/bin/../lib/gcc/arm-none-eabi/10.3.1/../../../../arm-none-eabi/lib/thumb/v7-m/nofp\libc_nano.a(lib_a-findfp.o)
                0x0000000008006008                __sf_fake_stderr
 .rodata.__sf_fake_stdin
                0x0000000008006028       0x20 c:/st/stm32cubeide_1.3.0/stm32cubeide/plugins/com.st.stm32cube.ide.mcu.externaltools.gnu-tools-for-stm32.10.3-2021.10.win32_1.0.0.202111181127/tools/bin/../lib/gcc/arm-none-eabi/10.3.1/../../../../arm-none-eabi/lib/thumb/v7-m/nofp\libc_nano.a(lib_a-findfp.o)
                0x0000000008006028                __sf_fake_stdin
 .rodata.__sf_fake_stdout
                0x0000000008006048       0x20 c:/st/stm32cubeide_1.3.0/stm32cubeide/plugins/com.st.stm32cube.ide.mcu.externaltools.gnu-tools-for-stm32.10.3-2021.10.win32_1.0.0.202111181127/tools/bin/../lib/gcc/arm-none-eabi/10.3.1/../../../../arm-none-eabi/lib/thumb/v7-m/nofp\libc_nano.a(lib_a-findfp.o)
                0x0000000008006048                __sf_fake_stdout
                0x0000000008006068                . = ALIGN (0x4)

.rel.dyn        0x0000000008006068        0x0
 .rel.iplt      0x0000000008006068        0x0 c:/st/stm32cubeide_1.3.0/stm32cubeide/plugins/com.st.stm32cube.ide.mcu.externaltools.gnu-tools-for-stm32.10.3-2021.10.win32_1.0.0.202111181127/tools/bin/../lib/gcc/arm-none-eabi/10.3.1/thumb/v7-m/nofp/crtbegin.o

.ARM.extab      0x0000000008006068        0x0
                0x0000000008006068                . = ALIGN (0x4)
 *(.ARM.extab* .gnu.linkonce.armextab.*)
                0x0000000008006068                . = ALIGN (0x4)

.ARM            0x0000000008006068        0x0
                0x0000000008006068                . = ALIGN (0x4)
                0x0000000008006068                __exidx_start = .
 *(.ARM.exidx*)
                0x0000000008006068                __exidx_end = .
                0x0000000008006068                . = ALIGN (0x4)

.preinit_array  0x0000000008006068        0x0
                0x0000000008006068                . = ALIGN (0x4)
                0x0000000008006068                PROVIDE (__preinit_array_start = .)
 *(.preinit_array*)
                0x0000000008006068                PROVIDE (__preinit_array_end = .)
                0x0000000008006068                . = ALIGN (0x4)

.init_array     0x0000000008006068        0x4
                0x0000000008006068                . = ALIGN (0x4)
                0x0000000008006068                PROVIDE (__init_array_start = .)
 *(SORT_BY_NAME(.init_array.*))
 *(.init_array*)
 .init_array    0x0000000008006068        0x4 c:/st/stm32cubeide_1.3.0/stm32cubeide/plugins/com.st.stm32cube.ide.mcu.externaltools.gnu-tools-for-stm32.10.3-2021.10.win32_1.0.0.202111181127/tools/bin/../lib/gcc/arm-none-eabi/10.3.1/thumb/v7-m/nofp/crtbegin.o
                0x000000000800606c                PROVIDE (__init_array_end = .)
                0x000000000800606c                . = ALIGN (0x4)

.fini_array     0x000000000800606c        0x4
                0x000000000800606c                . = ALIGN (0x4)
                [!provide]                        PROVIDE (__fini_array_start = .)
 *(SORT_BY_NAME(.fini_array.*))
 *(.fini_array*)
 .fini_array    0x000000000800606c        0x4 c:/st/stm32cubeide_1.3.0/stm32cubeide/plugins/com.st.stm32cube.ide.mcu.externaltools.gnu-tools-for-stm32.10.3-2021.10.win32_1.0.0.202111181127/tools/bin/../lib/gcc/arm-none-eabi/10.3.1/thumb/v7-m/nofp/crtbegin.o
                [!provide]                        PROVIDE (__fini_array_end = .)
                0x0000000008006070                . = ALIGN (0x4)
                0x0000000008006070                _sidata = LOADADDR (.data)

.data           0x0000000020000000       0x74 load address 0x0000000008006070
                0x0000000020000000                . = ALIGN (0x4)
                0x0000000020000000                _sdata = .
 *(.data)
 *(.data*)
 .data.SystemCoreClock
                0x0000000020000000        0x4 ./Core/Src/system_stm32f1xx.o
                0x0000000020000000                SystemCoreClock
 .data.uwTickFreq
                0x0000000020000004        0x1 ./Drivers/STM32F1xx_HAL_Driver/Src/stm32f1xx_hal.o
                0x0000000020000004                uwTickFreq
 *fill*         0x0000000020000005        0x3 
 .data.uwTickPrio
                0x0000000020000008        0x4 ./Drivers/STM32F1xx_HAL_Driver/Src/stm32f1xx_hal.o
                0x0000000020000008                uwTickPrio
 .data.uxCriticalNesting
                0x000000002000000c        0x4 ./Middlewares/Third_Party/FreeRTOS/Source/portable/GCC/ARM_CM3/port.o
 .data._impure_ptr
                0x0000000020000010        0x4 c:/st/stm32cubeide_1.3.0/stm32cubeide/plugins/com.st.stm32cube.ide.mcu.externaltools.gnu-tools-for-stm32.10.3-2021.10.win32_1.0.0.202111181127/tools/bin/../lib/gcc/arm-none-eabi/10.3.1/../../../../arm-none-eabi/lib/thumb/v7-m/nofp\libc_nano.a(lib_a-impure.o)
                0x0000000020000010                _impure_ptr
 .data.impure_data
                0x0000000020000014       0x60 c:/st/stm32cubeide_1.3.0/stm32cubeide/plugins/com.st.stm32cube.ide.mcu.externaltools.gnu-tools-for-stm32.10.3-2021.10.win32_1.0.0.202111181127/tools/bin/../lib/gcc/arm-none-eabi/10.3.1/../../../../arm-none-eabi/lib/thumb/v7-m/nofp\libc_nano.a(lib_a-impure.o)
 *(.RamFunc)
 *(.RamFunc*)
                0x0000000020000074                . = ALIGN (0x4)
                0x0000000020000074                _edata = .

.igot.plt       0x0000000020000074        0x0 load address 0x00000000080060e4
 .igot.plt      0x0000000020000074        0x0 c:/st/stm32cubeide_1.3.0/stm32cubeide/plugins/com.st.stm32cube.ide.mcu.externaltools.gnu-tools-for-stm32.10.3-2021.10.win32_1.0.0.202111181127/tools/bin/../lib/gcc/arm-none-eabi/10.3.1/thumb/v7-m/nofp/crtbegin.o
                0x0000000020000074                . = ALIGN (0x4)

.bss            0x0000000020000074     0x22b0 load address 0x00000000080060e4
                0x0000000020000074                _sbss = .
                0x0000000020000074                __bss_start__ = _sbss
 *(.bss)
 .bss           0x0000000020000074       0x1c c:/st/stm32cubeide_1.3.0/stm32cubeide/plugins/com.st.stm32cube.ide.mcu.externaltools.gnu-tools-for-stm32.10.3-2021.10.win32_1.0.0.202111181127/tools/bin/../lib/gcc/arm-none-eabi/10.3.1/thumb/v7-m/nofp/crtbegin.o
 *(.bss*)
 .bss.BtnHandlerHandle
                0x0000000020000090        0x4 ./Core/Src/main.o
                0x0000000020000090                BtnHandlerHandle
 .bss.BtnQueue  0x0000000020000094        0x4 ./Core/Src/main.o
                0x0000000020000094                BtnQueue
 .bss.ClockDataMutexHandle
                0x0000000020000098        0x4 ./Core/Src/main.o
                0x0000000020000098                ClockDataMutexHandle
 .bss.ClockDealerHandle
                0x000000002000009c        0x4 ./Core/Src/main.o
                0x000000002000009c                ClockDealerHandle
 .bss.DacDealerHandle
                0x00000000200000a0        0x4 ./Core/Src/main.o
                0x00000000200000a0                DacDealerHandle
 .bss.LedDealerHandle
                0x00000000200000a4        0x4 ./Core/Src/main.o
                0x00000000200000a4                LedDealerHandle
 .bss.LedsSemHandle
                0x00000000200000a8        0x4 ./Core/Src/main.o
                0x00000000200000a8                LedsSemHandle
 .bss.MainTaskNameHandle
                0x00000000200000ac        0x4 ./Core/Src/main.o
                0x00000000200000ac                MainTaskNameHandle
 .bss.SaveEventHandle
                0x00000000200000b0        0x4 ./Core/Src/main.o
                0x00000000200000b0                SaveEventHandle
 .bss.defaultTaskHandle
                0x00000000200000b4        0x4 ./Core/Src/main.o
                0x00000000200000b4                defaultTaskHandle
 .bss.g_dac_current_time
                0x00000000200000b8        0x4 ./Core/Src/main.o
                0x00000000200000b8                g_dac_current_time
 .bss.g_editable_time
                0x00000000200000bc        0x4 ./Core/Src/main.o
                0x00000000200000bc                g_editable_time
 .bss.g_h_delta
                0x00000000200000c0        0x4 ./Core/Src/main.o
                0x00000000200000c0                g_h_delta
 .bss.g_led_data
                0x00000000200000c4        0x6 ./Core/Src/main.o
                0x00000000200000c4                g_led_data
 *fill*         0x00000000200000ca        0x2 
 .bss.g_m_delta
                0x00000000200000cc        0x4 ./Core/Src/main.o
                0x00000000200000cc                g_m_delta
 .bss.g_readed_time
                0x00000000200000d0        0x4 ./Core/Src/main.o
                0x00000000200000d0                g_readed_time
 .bss.hi2c1     0x00000000200000d4       0x54 ./Core/Src/main.o
                0x00000000200000d4                hi2c1
 .bss.hiwdg     0x0000000020000128        0xc ./Core/Src/main.o
                0x0000000020000128                hiwdg
 .bss.r.0       0x0000000020000134        0x4 ./Core/Src/main.o
 .bss.r.1       0x0000000020000138        0x4 ./Core/Src/main.o
 .bss.htim1     0x000000002000013c       0x48 ./Core/Src/stm32f1xx_hal_timebase_tim.o
                0x000000002000013c                htim1
 .bss.uwTick    0x0000000020000184        0x4 ./Drivers/STM32F1xx_HAL_Driver/Src/stm32f1xx_hal.o
                0x0000000020000184                uwTick
 .bss.Idle_Stack
                0x0000000020000188      0x200 ./Middlewares/Third_Party/FreeRTOS/Source/CMSIS_RTOS_V2/cmsis_os2.o
 .bss.Idle_TCB  0x0000000020000388       0xc0 ./Middlewares/Third_Party/FreeRTOS/Source/CMSIS_RTOS_V2/cmsis_os2.o
 .bss.KernelState
                0x0000000020000448        0x4 ./Middlewares/Third_Party/FreeRTOS/Source/CMSIS_RTOS_V2/cmsis_os2.o
 .bss.Timer_Stack
                0x000000002000044c      0x400 ./Middlewares/Third_Party/FreeRTOS/Source/CMSIS_RTOS_V2/cmsis_os2.o
 .bss.Timer_TCB
                0x000000002000084c       0xc0 ./Middlewares/Third_Party/FreeRTOS/Source/CMSIS_RTOS_V2/cmsis_os2.o
 .bss.xQueueRegistry
                0x000000002000090c       0x40 ./Middlewares/Third_Party/FreeRTOS/Source/queue.o
                0x000000002000090c                xQueueRegistry
 .bss.pxCurrentTCB
                0x000000002000094c        0x4 ./Middlewares/Third_Party/FreeRTOS/Source/tasks.o
                0x000000002000094c                pxCurrentTCB
 .bss.pxDelayedTaskList
                0x0000000020000950        0x4 ./Middlewares/Third_Party/FreeRTOS/Source/tasks.o
 .bss.pxOverflowDelayedTaskList
                0x0000000020000954        0x4 ./Middlewares/Third_Party/FreeRTOS/Source/tasks.o
 .bss.pxReadyTasksLists
                0x0000000020000958      0x460 ./Middlewares/Third_Party/FreeRTOS/Source/tasks.o
 .bss.uxCurrentNumberOfTasks
                0x0000000020000db8        0x4 ./Middlewares/Third_Party/FreeRTOS/Source/tasks.o
 .bss.uxDeletedTasksWaitingCleanUp
                0x0000000020000dbc        0x4 ./Middlewares/Third_Party/FreeRTOS/Source/tasks.o
 .bss.uxPendedTicks
                0x0000000020000dc0        0x4 ./Middlewares/Third_Party/FreeRTOS/Source/tasks.o
 .bss.uxSchedulerSuspended
                0x0000000020000dc4        0x4 ./Middlewares/Third_Party/FreeRTOS/Source/tasks.o
 .bss.uxTaskNumber
                0x0000000020000dc8        0x4 ./Middlewares/Third_Party/FreeRTOS/Source/tasks.o
 .bss.uxTopReadyPriority
                0x0000000020000dcc        0x4 ./Middlewares/Third_Party/FreeRTOS/Source/tasks.o
 .bss.xDelayedTaskList1
                0x0000000020000dd0       0x14 ./Middlewares/Third_Party/FreeRTOS/Source/tasks.o
 .bss.xDelayedTaskList2
                0x0000000020000de4       0x14 ./Middlewares/Third_Party/FreeRTOS/Source/tasks.o
 .bss.xNextTaskUnblockTime
                0x0000000020000df8        0x4 ./Middlewares/Third_Party/FreeRTOS/Source/tasks.o
 .bss.xNumOfOverflows
                0x0000000020000dfc        0x4 ./Middlewares/Third_Party/FreeRTOS/Source/tasks.o
 .bss.xPendingReadyList
                0x0000000020000e00       0x14 ./Middlewares/Third_Party/FreeRTOS/Source/tasks.o
 .bss.xSchedulerRunning
                0x0000000020000e14        0x4 ./Middlewares/Third_Party/FreeRTOS/Source/tasks.o
 .bss.xSuspendedTaskList
                0x0000000020000e18       0x14 ./Middlewares/Third_Party/FreeRTOS/Source/tasks.o
 .bss.xTasksWaitingTermination
                0x0000000020000e2c       0x14 ./Middlewares/Third_Party/FreeRTOS/Source/tasks.o
 .bss.xTickCount
                0x0000000020000e40        0x4 ./Middlewares/Third_Party/FreeRTOS/Source/tasks.o
 .bss.xYieldPending
                0x0000000020000e44        0x4 ./Middlewares/Third_Party/FreeRTOS/Source/tasks.o
 .bss.pxCurrentTimerList
                0x0000000020000e48        0x4 ./Middlewares/Third_Party/FreeRTOS/Source/timers.o
 .bss.pxOverflowTimerList
                0x0000000020000e4c        0x4 ./Middlewares/Third_Party/FreeRTOS/Source/timers.o
 .bss.ucStaticTimerQueueStorage.1
                0x0000000020000e50       0xa0 ./Middlewares/Third_Party/FreeRTOS/Source/timers.o
 .bss.xActiveTimerList1
                0x0000000020000ef0       0x14 ./Middlewares/Third_Party/FreeRTOS/Source/timers.o
 .bss.xActiveTimerList2
                0x0000000020000f04       0x14 ./Middlewares/Third_Party/FreeRTOS/Source/timers.o
 .bss.xLastTime.2
                0x0000000020000f18        0x4 ./Middlewares/Third_Party/FreeRTOS/Source/timers.o
 .bss.xStaticTimerQueue.0
                0x0000000020000f1c       0x50 ./Middlewares/Third_Party/FreeRTOS/Source/timers.o
 .bss.xTimerQueue
                0x0000000020000f6c        0x4 ./Middlewares/Third_Party/FreeRTOS/Source/timers.o
 .bss.xTimerTaskHandle
                0x0000000020000f70        0x4 ./Middlewares/Third_Party/FreeRTOS/Source/timers.o
 .bss.ucMaxSysCallPriority
                0x0000000020000f74        0x1 ./Middlewares/Third_Party/FreeRTOS/Source/portable/GCC/ARM_CM3/port.o
 *fill*         0x0000000020000f75        0x3 
 .bss.ulMaxPRIGROUPValue
                0x0000000020000f78        0x4 ./Middlewares/Third_Party/FreeRTOS/Source/portable/GCC/ARM_CM3/port.o
 .bss.pxEnd     0x0000000020000f7c        0x4 ./Middlewares/Third_Party/FreeRTOS/Source/portable/MemMang/heap_4.o
 .bss.ucHeap    0x0000000020000f80     0x1388 ./Middlewares/Third_Party/FreeRTOS/Source/portable/MemMang/heap_4.o
 .bss.xBlockAllocatedBit
                0x0000000020002308        0x4 ./Middlewares/Third_Party/FreeRTOS/Source/portable/MemMang/heap_4.o
 .bss.xFreeBytesRemaining
                0x000000002000230c        0x4 ./Middlewares/Third_Party/FreeRTOS/Source/portable/MemMang/heap_4.o
 .bss.xMinimumEverFreeBytesRemaining
                0x0000000020002310        0x4 ./Middlewares/Third_Party/FreeRTOS/Source/portable/MemMang/heap_4.o
 .bss.xStart    0x0000000020002314        0x8 ./Middlewares/Third_Party/FreeRTOS/Source/portable/MemMang/heap_4.o
 .bss.__lock___malloc_recursive_mutex
                0x000000002000231c        0x1 c:/st/stm32cubeide_1.3.0/stm32cubeide/plugins/com.st.stm32cube.ide.mcu.externaltools.gnu-tools-for-stm32.10.3-2021.10.win32_1.0.0.202111181127/tools/bin/../lib/gcc/arm-none-eabi/10.3.1/../../../../arm-none-eabi/lib/thumb/v7-m/nofp\libc_nano.a(lib_a-lock.o)
                0x000000002000231c                __lock___malloc_recursive_mutex
 *fill*         0x000000002000231d        0x3 
 .bss.__malloc_free_list
                0x0000000020002320        0x4 c:/st/stm32cubeide_1.3.0/stm32cubeide/plugins/com.st.stm32cube.ide.mcu.externaltools.gnu-tools-for-stm32.10.3-2021.10.win32_1.0.0.202111181127/tools/bin/../lib/gcc/arm-none-eabi/10.3.1/../../../../arm-none-eabi/lib/thumb/v7-m/nofp\libc_nano.a(lib_a-nano-mallocr.o)
                0x0000000020002320                __malloc_free_list
 *(COMMON)
                0x0000000020002324                . = ALIGN (0x4)
                0x0000000020002324                _ebss = .
                0x0000000020002324                __bss_end__ = _ebss

._user_heap_stack
                0x0000000020002324      0x604 load address 0x00000000080060e4
                0x0000000020002328                . = ALIGN (0x8)
 *fill*         0x0000000020002324        0x4 
                [!provide]                        PROVIDE (end = .)
                0x0000000020002328                PROVIDE (_end = .)
                0x0000000020002528                . = (. + _Min_Heap_Size)
 *fill*         0x0000000020002328      0x200 
                0x0000000020002928                . = (. + _Min_Stack_Size)
 *fill*         0x0000000020002528      0x400 
                0x0000000020002928                . = ALIGN (0x8)

/DISCARD/
 libc.a(*)
 libm.a(*)
 libgcc.a(*)

.ARM.attributes
                0x0000000000000000       0x29
 *(.ARM.attributes)
 .ARM.attributes
                0x0000000000000000       0x1d c:/st/stm32cubeide_1.3.0/stm32cubeide/plugins/com.st.stm32cube.ide.mcu.externaltools.gnu-tools-for-stm32.10.3-2021.10.win32_1.0.0.202111181127/tools/bin/../lib/gcc/arm-none-eabi/10.3.1/thumb/v7-m/nofp/crti.o
 .ARM.attributes
                0x000000000000001d       0x2d c:/st/stm32cubeide_1.3.0/stm32cubeide/plugins/com.st.stm32cube.ide.mcu.externaltools.gnu-tools-for-stm32.10.3-2021.10.win32_1.0.0.202111181127/tools/bin/../lib/gcc/arm-none-eabi/10.3.1/thumb/v7-m/nofp/crtbegin.o
 .ARM.attributes
                0x000000000000004a       0x2d ./Core/Src/DS1302.o
 .ARM.attributes
                0x0000000000000077       0x2d ./Core/Src/MCP4725.o
 .ARM.attributes
                0x00000000000000a4       0x2d ./Core/Src/main.o
 .ARM.attributes
                0x00000000000000d1       0x2d ./Core/Src/stm32f1xx_hal_msp.o
 .ARM.attributes
                0x00000000000000fe       0x2d ./Core/Src/stm32f1xx_hal_timebase_tim.o
 .ARM.attributes
                0x000000000000012b       0x2d ./Core/Src/stm32f1xx_it.o
 .ARM.attributes
                0x0000000000000158       0x2d ./Core/Src/system_stm32f1xx.o
 .ARM.attributes
                0x0000000000000185       0x21 ./Core/Startup/startup_stm32f103c8tx.o
 .ARM.attributes
                0x00000000000001a6       0x2d ./Drivers/STM32F1xx_HAL_Driver/Src/stm32f1xx_hal.o
 .ARM.attributes
                0x00000000000001d3       0x2d ./Drivers/STM32F1xx_HAL_Driver/Src/stm32f1xx_hal_cortex.o
 .ARM.attributes
                0x0000000000000200       0x2d ./Drivers/STM32F1xx_HAL_Driver/Src/stm32f1xx_hal_gpio.o
 .ARM.attributes
                0x000000000000022d       0x2d ./Drivers/STM32F1xx_HAL_Driver/Src/stm32f1xx_hal_i2c.o
 .ARM.attributes
                0x000000000000025a       0x2d ./Drivers/STM32F1xx_HAL_Driver/Src/stm32f1xx_hal_iwdg.o
 .ARM.attributes
                0x0000000000000287       0x2d ./Drivers/STM32F1xx_HAL_Driver/Src/stm32f1xx_hal_rcc.o
 .ARM.attributes
                0x00000000000002b4       0x2d ./Drivers/STM32F1xx_HAL_Driver/Src/stm32f1xx_hal_tim.o
 .ARM.attributes
                0x00000000000002e1       0x2d ./Drivers/STM32F1xx_HAL_Driver/Src/stm32f1xx_hal_tim_ex.o
 .ARM.attributes
                0x000000000000030e       0x2d ./Middlewares/Third_Party/FreeRTOS/Source/CMSIS_RTOS_V2/cmsis_os2.o
 .ARM.attributes
                0x000000000000033b       0x2d ./Middlewares/Third_Party/FreeRTOS/Source/event_groups.o
 .ARM.attributes
                0x0000000000000368       0x2d ./Middlewares/Third_Party/FreeRTOS/Source/list.o
 .ARM.attributes
                0x0000000000000395       0x2d ./Middlewares/Third_Party/FreeRTOS/Source/queue.o
 .ARM.attributes
                0x00000000000003c2       0x2d ./Middlewares/Third_Party/FreeRTOS/Source/tasks.o
 .ARM.attributes
                0x00000000000003ef       0x2d ./Middlewares/Third_Party/FreeRTOS/Source/timers.o
 .ARM.attributes
                0x000000000000041c       0x2d ./Middlewares/Third_Party/FreeRTOS/Source/portable/GCC/ARM_CM3/port.o
 .ARM.attributes
                0x0000000000000449       0x2d ./Middlewares/Third_Party/FreeRTOS/Source/portable/MemMang/heap_4.o
 .ARM.attributes
                0x0000000000000476       0x2d c:/st/stm32cubeide_1.3.0/stm32cubeide/plugins/com.st.stm32cube.ide.mcu.externaltools.gnu-tools-for-stm32.10.3-2021.10.win32_1.0.0.202111181127/tools/bin/../lib/gcc/arm-none-eabi/10.3.1/../../../../arm-none-eabi/lib/thumb/v7-m/nofp\libc_nano.a(lib_a-findfp.o)
 .ARM.attributes
                0x00000000000004a3       0x2d c:/st/stm32cubeide_1.3.0/stm32cubeide/plugins/com.st.stm32cube.ide.mcu.externaltools.gnu-tools-for-stm32.10.3-2021.10.win32_1.0.0.202111181127/tools/bin/../lib/gcc/arm-none-eabi/10.3.1/../../../../arm-none-eabi/lib/thumb/v7-m/nofp\libc_nano.a(lib_a-impure.o)
 .ARM.attributes
                0x00000000000004d0       0x2d c:/st/stm32cubeide_1.3.0/stm32cubeide/plugins/com.st.stm32cube.ide.mcu.externaltools.gnu-tools-for-stm32.10.3-2021.10.win32_1.0.0.202111181127/tools/bin/../lib/gcc/arm-none-eabi/10.3.1/../../../../arm-none-eabi/lib/thumb/v7-m/nofp\libc_nano.a(lib_a-init.o)
 .ARM.attributes
                0x00000000000004fd       0x2d c:/st/stm32cubeide_1.3.0/stm32cubeide/plugins/com.st.stm32cube.ide.mcu.externaltools.gnu-tools-for-stm32.10.3-2021.10.win32_1.0.0.202111181127/tools/bin/../lib/gcc/arm-none-eabi/10.3.1/../../../../arm-none-eabi/lib/thumb/v7-m/nofp\libc_nano.a(lib_a-lock.o)
 .ARM.attributes
                0x000000000000052a       0x2d c:/st/stm32cubeide_1.3.0/stm32cubeide/plugins/com.st.stm32cube.ide.mcu.externaltools.gnu-tools-for-stm32.10.3-2021.10.win32_1.0.0.202111181127/tools/bin/../lib/gcc/arm-none-eabi/10.3.1/../../../../arm-none-eabi/lib/thumb/v7-m/nofp\libc_nano.a(lib_a-memcpy-stub.o)
 .ARM.attributes
                0x0000000000000557       0x2d c:/st/stm32cubeide_1.3.0/stm32cubeide/plugins/com.st.stm32cube.ide.mcu.externaltools.gnu-tools-for-stm32.10.3-2021.10.win32_1.0.0.202111181127/tools/bin/../lib/gcc/arm-none-eabi/10.3.1/../../../../arm-none-eabi/lib/thumb/v7-m/nofp\libc_nano.a(lib_a-memset.o)
 .ARM.attributes
                0x0000000000000584       0x2d c:/st/stm32cubeide_1.3.0/stm32cubeide/plugins/com.st.stm32cube.ide.mcu.externaltools.gnu-tools-for-stm32.10.3-2021.10.win32_1.0.0.202111181127/tools/bin/../lib/gcc/arm-none-eabi/10.3.1/../../../../arm-none-eabi/lib/thumb/v7-m/nofp\libc_nano.a(lib_a-nano-mallocr.o)
 .ARM.attributes
                0x00000000000005b1       0x2d c:/st/stm32cubeide_1.3.0/stm32cubeide/plugins/com.st.stm32cube.ide.mcu.externaltools.gnu-tools-for-stm32.10.3-2021.10.win32_1.0.0.202111181127/tools/bin/../lib/gcc/arm-none-eabi/10.3.1/../../../../arm-none-eabi/lib/thumb/v7-m/nofp\libc_nano.a(lib_a-reent.o)
 .ARM.attributes
                0x00000000000005de       0x2d c:/st/stm32cubeide_1.3.0/stm32cubeide/plugins/com.st.stm32cube.ide.mcu.externaltools.gnu-tools-for-stm32.10.3-2021.10.win32_1.0.0.202111181127/tools/bin/../lib/gcc/arm-none-eabi/10.3.1/../../../../arm-none-eabi/lib/thumb/v7-m/nofp\libc_nano.a(lib_a-mlock.o)
 .ARM.attributes
                0x000000000000060b       0x2d c:/st/stm32cubeide_1.3.0/stm32cubeide/plugins/com.st.stm32cube.ide.mcu.externaltools.gnu-tools-for-stm32.10.3-2021.10.win32_1.0.0.202111181127/tools/bin/../lib/gcc/arm-none-eabi/10.3.1/../../../../arm-none-eabi/lib/thumb/v7-m/nofp\libc_nano.a(lib_a-nano-freer.o)
 .ARM.attributes
                0x0000000000000638       0x1d c:/st/stm32cubeide_1.3.0/stm32cubeide/plugins/com.st.stm32cube.ide.mcu.externaltools.gnu-tools-for-stm32.10.3-2021.10.win32_1.0.0.202111181127/tools/bin/../lib/gcc/arm-none-eabi/10.3.1/thumb/v7-m/nofp\libgcc.a(_arm_muldf3.o)
 .ARM.attributes
                0x0000000000000655       0x1d c:/st/stm32cubeide_1.3.0/stm32cubeide/plugins/com.st.stm32cube.ide.mcu.externaltools.gnu-tools-for-stm32.10.3-2021.10.win32_1.0.0.202111181127/tools/bin/../lib/gcc/arm-none-eabi/10.3.1/thumb/v7-m/nofp\libgcc.a(_arm_addsubdf3.o)
 .ARM.attributes
                0x0000000000000672       0x1d c:/st/stm32cubeide_1.3.0/stm32cubeide/plugins/com.st.stm32cube.ide.mcu.externaltools.gnu-tools-for-stm32.10.3-2021.10.win32_1.0.0.202111181127/tools/bin/../lib/gcc/arm-none-eabi/10.3.1/thumb/v7-m/nofp\libgcc.a(_arm_truncdfsf2.o)
 .ARM.attributes
                0x000000000000068f       0x1d c:/st/stm32cubeide_1.3.0/stm32cubeide/plugins/com.st.stm32cube.ide.mcu.externaltools.gnu-tools-for-stm32.10.3-2021.10.win32_1.0.0.202111181127/tools/bin/../lib/gcc/arm-none-eabi/10.3.1/thumb/v7-m/nofp\libgcc.a(_arm_addsubsf3.o)
 .ARM.attributes
                0x00000000000006ac       0x1d c:/st/stm32cubeide_1.3.0/stm32cubeide/plugins/com.st.stm32cube.ide.mcu.externaltools.gnu-tools-for-stm32.10.3-2021.10.win32_1.0.0.202111181127/tools/bin/../lib/gcc/arm-none-eabi/10.3.1/thumb/v7-m/nofp\libgcc.a(_arm_muldivsf3.o)
 .ARM.attributes
                0x00000000000006c9       0x1d c:/st/stm32cubeide_1.3.0/stm32cubeide/plugins/com.st.stm32cube.ide.mcu.externaltools.gnu-tools-for-stm32.10.3-2021.10.win32_1.0.0.202111181127/tools/bin/../lib/gcc/arm-none-eabi/10.3.1/thumb/v7-m/nofp\libgcc.a(_arm_cmpsf2.o)
 .ARM.attributes
                0x00000000000006e6       0x1d c:/st/stm32cubeide_1.3.0/stm32cubeide/plugins/com.st.stm32cube.ide.mcu.externaltools.gnu-tools-for-stm32.10.3-2021.10.win32_1.0.0.202111181127/tools/bin/../lib/gcc/arm-none-eabi/10.3.1/thumb/v7-m/nofp\libgcc.a(_arm_fixunssfsi.o)
 .ARM.attributes
                0x0000000000000703       0x1d c:/st/stm32cubeide_1.3.0/stm32cubeide/plugins/com.st.stm32cube.ide.mcu.externaltools.gnu-tools-for-stm32.10.3-2021.10.win32_1.0.0.202111181127/tools/bin/../lib/gcc/arm-none-eabi/10.3.1/thumb/v7-m/nofp/crtn.o
OUTPUT(analogue_watch.elf elf32-littlearm)
LOAD linker stubs
LOAD c:/st/stm32cubeide_1.3.0/stm32cubeide/plugins/com.st.stm32cube.ide.mcu.externaltools.gnu-tools-for-stm32.10.3-2021.10.win32_1.0.0.202111181127/tools/bin/../lib/gcc/arm-none-eabi/10.3.1/../../../../arm-none-eabi/lib/thumb/v7-m/nofp\libc.a
LOAD c:/st/stm32cubeide_1.3.0/stm32cubeide/plugins/com.st.stm32cube.ide.mcu.externaltools.gnu-tools-for-stm32.10.3-2021.10.win32_1.0.0.202111181127/tools/bin/../lib/gcc/arm-none-eabi/10.3.1/../../../../arm-none-eabi/lib/thumb/v7-m/nofp\libm.a
LOAD c:/st/stm32cubeide_1.3.0/stm32cubeide/plugins/com.st.stm32cube.ide.mcu.externaltools.gnu-tools-for-stm32.10.3-2021.10.win32_1.0.0.202111181127/tools/bin/../lib/gcc/arm-none-eabi/10.3.1/thumb/v7-m/nofp\libgcc.a

.comment        0x0000000000000000       0x50
 .comment       0x0000000000000000       0x50 ./Core/Src/DS1302.o
                                         0x51 (size before relaxing)
 .comment       0x0000000000000050       0x51 ./Core/Src/MCP4725.o
 .comment       0x0000000000000050       0x51 ./Core/Src/main.o
 .comment       0x0000000000000050       0x51 ./Core/Src/stm32f1xx_hal_msp.o
 .comment       0x0000000000000050       0x51 ./Core/Src/stm32f1xx_hal_timebase_tim.o
 .comment       0x0000000000000050       0x51 ./Core/Src/stm32f1xx_it.o
 .comment       0x0000000000000050       0x51 ./Core/Src/system_stm32f1xx.o
 .comment       0x0000000000000050       0x51 ./Drivers/STM32F1xx_HAL_Driver/Src/stm32f1xx_hal.o
 .comment       0x0000000000000050       0x51 ./Drivers/STM32F1xx_HAL_Driver/Src/stm32f1xx_hal_cortex.o
 .comment       0x0000000000000050       0x51 ./Drivers/STM32F1xx_HAL_Driver/Src/stm32f1xx_hal_gpio.o
 .comment       0x0000000000000050       0x51 ./Drivers/STM32F1xx_HAL_Driver/Src/stm32f1xx_hal_i2c.o
 .comment       0x0000000000000050       0x51 ./Drivers/STM32F1xx_HAL_Driver/Src/stm32f1xx_hal_iwdg.o
 .comment       0x0000000000000050       0x51 ./Drivers/STM32F1xx_HAL_Driver/Src/stm32f1xx_hal_rcc.o
 .comment       0x0000000000000050       0x51 ./Drivers/STM32F1xx_HAL_Driver/Src/stm32f1xx_hal_tim.o
 .comment       0x0000000000000050       0x51 ./Drivers/STM32F1xx_HAL_Driver/Src/stm32f1xx_hal_tim_ex.o
 .comment       0x0000000000000050       0x51 ./Middlewares/Third_Party/FreeRTOS/Source/CMSIS_RTOS_V2/cmsis_os2.o
 .comment       0x0000000000000050       0x51 ./Middlewares/Third_Party/FreeRTOS/Source/event_groups.o
 .comment       0x0000000000000050       0x51 ./Middlewares/Third_Party/FreeRTOS/Source/list.o
 .comment       0x0000000000000050       0x51 ./Middlewares/Third_Party/FreeRTOS/Source/queue.o
 .comment       0x0000000000000050       0x51 ./Middlewares/Third_Party/FreeRTOS/Source/tasks.o
 .comment       0x0000000000000050       0x51 ./Middlewares/Third_Party/FreeRTOS/Source/timers.o
 .comment       0x0000000000000050       0x51 ./Middlewares/Third_Party/FreeRTOS/Source/portable/GCC/ARM_CM3/port.o
 .comment       0x0000000000000050       0x51 ./Middlewares/Third_Party/FreeRTOS/Source/portable/MemMang/heap_4.o

.debug_frame    0x0000000000000000      0x5f0
 .debug_frame   0x0000000000000000      0x14c c:/st/stm32cubeide_1.3.0/stm32cubeide/plugins/com.st.stm32cube.ide.mcu.externaltools.gnu-tools-for-stm32.10.3-2021.10.win32_1.0.0.202111181127/tools/bin/../lib/gcc/arm-none-eabi/10.3.1/../../../../arm-none-eabi/lib/thumb/v7-m/nofp\libc_nano.a(lib_a-findfp.o)
 .debug_frame   0x000000000000014c       0x2c c:/st/stm32cubeide_1.3.0/stm32cubeide/plugins/com.st.stm32cube.ide.mcu.externaltools.gnu-tools-for-stm32.10.3-2021.10.win32_1.0.0.202111181127/tools/bin/../lib/gcc/arm-none-eabi/10.3.1/../../../../arm-none-eabi/lib/thumb/v7-m/nofp\libc_nano.a(lib_a-init.o)
 .debug_frame   0x0000000000000178       0xb0 c:/st/stm32cubeide_1.3.0/stm32cubeide/plugins/com.st.stm32cube.ide.mcu.externaltools.gnu-tools-for-stm32.10.3-2021.10.win32_1.0.0.202111181127/tools/bin/../lib/gcc/arm-none-eabi/10.3.1/../../../../arm-none-eabi/lib/thumb/v7-m/nofp\libc_nano.a(lib_a-lock.o)
 .debug_frame   0x0000000000000228       0x28 c:/st/stm32cubeide_1.3.0/stm32cubeide/plugins/com.st.stm32cube.ide.mcu.externaltools.gnu-tools-for-stm32.10.3-2021.10.win32_1.0.0.202111181127/tools/bin/../lib/gcc/arm-none-eabi/10.3.1/../../../../arm-none-eabi/lib/thumb/v7-m/nofp\libc_nano.a(lib_a-memcpy-stub.o)
 .debug_frame   0x0000000000000250       0x20 c:/st/stm32cubeide_1.3.0/stm32cubeide/plugins/com.st.stm32cube.ide.mcu.externaltools.gnu-tools-for-stm32.10.3-2021.10.win32_1.0.0.202111181127/tools/bin/../lib/gcc/arm-none-eabi/10.3.1/../../../../arm-none-eabi/lib/thumb/v7-m/nofp\libc_nano.a(lib_a-memset.o)
 .debug_frame   0x0000000000000270       0x4c c:/st/stm32cubeide_1.3.0/stm32cubeide/plugins/com.st.stm32cube.ide.mcu.externaltools.gnu-tools-for-stm32.10.3-2021.10.win32_1.0.0.202111181127/tools/bin/../lib/gcc/arm-none-eabi/10.3.1/../../../../arm-none-eabi/lib/thumb/v7-m/nofp\libc_nano.a(lib_a-nano-mallocr.o)
 .debug_frame   0x00000000000002bc       0x5c c:/st/stm32cubeide_1.3.0/stm32cubeide/plugins/com.st.stm32cube.ide.mcu.externaltools.gnu-tools-for-stm32.10.3-2021.10.win32_1.0.0.202111181127/tools/bin/../lib/gcc/arm-none-eabi/10.3.1/../../../../arm-none-eabi/lib/thumb/v7-m/nofp\libc_nano.a(lib_a-reent.o)
 .debug_frame   0x0000000000000318       0x30 c:/st/stm32cubeide_1.3.0/stm32cubeide/plugins/com.st.stm32cube.ide.mcu.externaltools.gnu-tools-for-stm32.10.3-2021.10.win32_1.0.0.202111181127/tools/bin/../lib/gcc/arm-none-eabi/10.3.1/../../../../arm-none-eabi/lib/thumb/v7-m/nofp\libc_nano.a(lib_a-mlock.o)
 .debug_frame   0x0000000000000348       0x38 c:/st/stm32cubeide_1.3.0/stm32cubeide/plugins/com.st.stm32cube.ide.mcu.externaltools.gnu-tools-for-stm32.10.3-2021.10.win32_1.0.0.202111181127/tools/bin/../lib/gcc/arm-none-eabi/10.3.1/../../../../arm-none-eabi/lib/thumb/v7-m/nofp\libc_nano.a(lib_a-nano-freer.o)
 .debug_frame   0x0000000000000380       0x30 c:/st/stm32cubeide_1.3.0/stm32cubeide/plugins/com.st.stm32cube.ide.mcu.externaltools.gnu-tools-for-stm32.10.3-2021.10.win32_1.0.0.202111181127/tools/bin/../lib/gcc/arm-none-eabi/10.3.1/thumb/v7-m/nofp\libgcc.a(_arm_muldf3.o)
 .debug_frame   0x00000000000003b0       0xac c:/st/stm32cubeide_1.3.0/stm32cubeide/plugins/com.st.stm32cube.ide.mcu.externaltools.gnu-tools-for-stm32.10.3-2021.10.win32_1.0.0.202111181127/tools/bin/../lib/gcc/arm-none-eabi/10.3.1/thumb/v7-m/nofp\libgcc.a(_arm_addsubdf3.o)
 .debug_frame   0x000000000000045c       0x24 c:/st/stm32cubeide_1.3.0/stm32cubeide/plugins/com.st.stm32cube.ide.mcu.externaltools.gnu-tools-for-stm32.10.3-2021.10.win32_1.0.0.202111181127/tools/bin/../lib/gcc/arm-none-eabi/10.3.1/thumb/v7-m/nofp\libgcc.a(_arm_truncdfsf2.o)
 .debug_frame   0x0000000000000480       0x4c c:/st/stm32cubeide_1.3.0/stm32cubeide/plugins/com.st.stm32cube.ide.mcu.externaltools.gnu-tools-for-stm32.10.3-2021.10.win32_1.0.0.202111181127/tools/bin/../lib/gcc/arm-none-eabi/10.3.1/thumb/v7-m/nofp\libgcc.a(_arm_addsubsf3.o)
 .debug_frame   0x00000000000004cc       0x38 c:/st/stm32cubeide_1.3.0/stm32cubeide/plugins/com.st.stm32cube.ide.mcu.externaltools.gnu-tools-for-stm32.10.3-2021.10.win32_1.0.0.202111181127/tools/bin/../lib/gcc/arm-none-eabi/10.3.1/thumb/v7-m/nofp\libgcc.a(_arm_muldivsf3.o)
 .debug_frame   0x0000000000000504       0xc8 c:/st/stm32cubeide_1.3.0/stm32cubeide/plugins/com.st.stm32cube.ide.mcu.externaltools.gnu-tools-for-stm32.10.3-2021.10.win32_1.0.0.202111181127/tools/bin/../lib/gcc/arm-none-eabi/10.3.1/thumb/v7-m/nofp\libgcc.a(_arm_cmpsf2.o)